Component: ARM Compiler 5.06 update 5 (build 528) Tool: armlink [4d35e2]

==============================================================================

Section Cross References

    startup_stm32f407xx.o(RESET) refers to startup_stm32f407xx.o(STACK) for __initial_sp
    startup_stm32f407xx.o(RESET) refers to startup_stm32f407xx.o(.text) for Reset_Handler
    startup_stm32f407xx.o(RESET) refers to stm32f4xx_it.o(i.NMI_Handler) for NMI_Handler
    startup_stm32f407xx.o(RESET) refers to stm32f4xx_it.o(i.HardFault_Handler) for HardFault_Handler
    startup_stm32f407xx.o(RESET) refers to stm32f4xx_it.o(i.MemManage_Handler) for MemManage_Handler
    startup_stm32f407xx.o(RESET) refers to stm32f4xx_it.o(i.BusFault_Handler) for BusFault_Handler
    startup_stm32f407xx.o(RESET) refers to stm32f4xx_it.o(i.UsageFault_Handler) for UsageFault_Handler
    startup_stm32f407xx.o(RESET) refers to port.o(.emb_text) for SVC_Handler
    startup_stm32f407xx.o(RESET) refers to stm32f4xx_it.o(i.DebugMon_Handler) for DebugMon_Handler
    startup_stm32f407xx.o(RESET) refers to cmsis_os2.o(i.SysTick_Handler) for SysTick_Handler
    startup_stm32f407xx.o(RESET) refers to stm32f4xx_it.o(i.EXTI9_5_IRQHandler) for EXTI9_5_IRQHandler
    startup_stm32f407xx.o(RESET) refers to stm32f4xx_it.o(i.USART2_IRQHandler) for USART2_IRQHandler
    startup_stm32f407xx.o(RESET) refers to stm32f4xx_it.o(i.TIM8_TRG_COM_TIM14_IRQHandler) for TIM8_TRG_COM_TIM14_IRQHandler
    startup_stm32f407xx.o(RESET) refers to stm32f4xx_it.o(i.DMA2_Stream0_IRQHandler) for DMA2_Stream0_IRQHandler
    startup_stm32f407xx.o(.text) refers to system_stm32f4xx.o(i.SystemInit) for SystemInit
    startup_stm32f407xx.o(.text) refers to entry.o(.ARM.Collect$$$$00000000) for __main
    main.o(i.HAL_TIM_PeriodElapsedCallback) refers to stm32f4xx_hal.o(i.HAL_IncTick) for HAL_IncTick
    main.o(i.SystemClock_Config) refers to memseta.o(.text) for __aeabi_memclr4
    main.o(i.SystemClock_Config) refers to stm32f4xx_hal_rcc.o(i.HAL_RCC_OscConfig) for HAL_RCC_OscConfig
    main.o(i.SystemClock_Config) refers to main.o(i.Error_Handler) for Error_Handler
    main.o(i.SystemClock_Config) refers to stm32f4xx_hal_rcc.o(i.HAL_RCC_ClockConfig) for HAL_RCC_ClockConfig
    main.o(i.main) refers to stm32f4xx_hal.o(i.HAL_Init) for HAL_Init
    main.o(i.main) refers to main.o(i.SystemClock_Config) for SystemClock_Config
    main.o(i.main) refers to gpio.o(i.MX_GPIO_Init) for MX_GPIO_Init
    main.o(i.main) refers to dma.o(i.MX_DMA_Init) for MX_DMA_Init
    main.o(i.main) refers to usart.o(i.MX_USART1_UART_Init) for MX_USART1_UART_Init
    main.o(i.main) refers to usart.o(i.MX_USART2_UART_Init) for MX_USART2_UART_Init
    main.o(i.main) refers to spi.o(i.MX_SPI2_Init) for MX_SPI2_Init
    main.o(i.main) refers to adc.o(i.MX_ADC1_Init) for MX_ADC1_Init
    main.o(i.main) refers to tim.o(i.MX_TIM8_Init) for MX_TIM8_Init
    main.o(i.main) refers to tim.o(i.MX_TIM1_Init) for MX_TIM1_Init
    main.o(i.main) refers to tim.o(i.MX_TIM3_Init) for MX_TIM3_Init
    main.o(i.main) refers to tim.o(i.MX_TIM4_Init) for MX_TIM4_Init
    main.o(i.main) refers to delay_us.o(i.dwt_init) for dwt_init
    main.o(i.main) refers to oled.o(i.oled_init) for oled_init
    main.o(i.main) refers to oled.o(i.oled_clear) for oled_clear
    main.o(i.main) refers to stm32f4xx_hal.o(i.HAL_Delay) for HAL_Delay
    main.o(i.main) refers to cmsis_os2.o(i.osKernelInitialize) for osKernelInitialize
    main.o(i.main) refers to freertos.o(i.MX_FREERTOS_Init) for MX_FREERTOS_Init
    main.o(i.main) refers to cmsis_os2.o(i.osKernelStart) for osKernelStart
    gpio.o(i.MX_GPIO_Init) refers to memseta.o(.text) for __aeabi_memclr4
    gpio.o(i.MX_GPIO_Init) refers to stm32f4xx_hal_gpio.o(i.HAL_GPIO_WritePin) for HAL_GPIO_WritePin
    gpio.o(i.MX_GPIO_Init) refers to stm32f4xx_hal_gpio.o(i.HAL_GPIO_Init) for HAL_GPIO_Init
    gpio.o(i.MX_GPIO_Init) refers to stm32f4xx_hal_cortex.o(i.HAL_NVIC_SetPriority) for HAL_NVIC_SetPriority
    gpio.o(i.MX_GPIO_Init) refers to stm32f4xx_hal_cortex.o(i.HAL_NVIC_EnableIRQ) for HAL_NVIC_EnableIRQ
    freertos.o(i.MX_FREERTOS_Init) refers to cmsis_os2.o(i.osThreadNew) for osThreadNew
    freertos.o(i.MX_FREERTOS_Init) refers to tasks.o(i.xTaskCreate) for xTaskCreate
    freertos.o(i.MX_FREERTOS_Init) refers to freertos.o(.constdata) for defaultTask_attributes
    freertos.o(i.MX_FREERTOS_Init) refers to freertos.o(i.StartDefaultTask) for StartDefaultTask
    freertos.o(i.MX_FREERTOS_Init) refers to freertos.o(.data) for defaultTaskHandle
    freertos.o(i.MX_FREERTOS_Init) refers to wit_imu.o(i.imu_task) for imu_task
    freertos.o(i.MX_FREERTOS_Init) refers to nrf_recv.o(i.nrf_recvtask) for nrf_recvtask
    freertos.o(i.MX_FREERTOS_Init) refers to pump_charge.o(i.charge_task) for charge_task
    freertos.o(i.MX_FREERTOS_Init) refers to nrf_send.o(i.nrf_sendtask) for nrf_sendtask
    freertos.o(i.MX_FREERTOS_Init) refers to servo_move.o(i.move_task) for move_task
[...]
    uxTopReadyPriority                       0x2000002c   Data           4  tasks.o(.data)
    xSchedulerRunning                        0x20000030   Data           4  tasks.o(.data)
    xPendedTicks                             0x20000034   Data           4  tasks.o(.data)
    xYieldPending                            0x20000038   Data           4  tasks.o(.data)
    xNumOfOverflows                          0x2000003c   Data           4  tasks.o(.data)
    uxTaskNumber                             0x20000040   Data           4  tasks.o(.data)
    xNextTaskUnblockTime                     0x20000044   Data           4  tasks.o(.data)
    xIdleTaskHandle                          0x20000048   Data           4  tasks.o(.data)
    uxSchedulerSuspended                     0x2000004c   Data           4  tasks.o(.data)
    .data                                    0x20000050   Section       20  timers.o(.data)
    pxCurrentTimerList                       0x20000050   Data           4  timers.o(.data)
    pxOverflowTimerList                      0x20000054   Data           4  timers.o(.data)
    xTimerQueue                              0x20000058   Data           4  timers.o(.data)
    xTimerTaskHandle                         0x2000005c   Data           4  timers.o(.data)
    xLastTime                                0x20000060   Data           4  timers.o(.data)
    .data                                    0x20000064   Section        4  cmsis_os2.o(.data)
    KernelState                              0x20000064   Data           4  cmsis_os2.o(.data)
    .data                                    0x20000068   Section       32  heap_4.o(.data)
    xStart                                   0x20000068   Data           8  heap_4.o(.data)
    pxEnd                                    0x20000070   Data           4  heap_4.o(.data)
    xFreeBytesRemaining                      0x20000074   Data           4  heap_4.o(.data)
    xMinimumEverFreeBytesRemaining           0x20000078   Data           4  heap_4.o(.data)
    xNumberOfSuccessfulAllocations           0x2000007c   Data           4  heap_4.o(.data)
    xNumberOfSuccessfulFrees                 0x20000080   Data           4  heap_4.o(.data)
    xBlockAllocatedBit                       0x20000084   Data           4  heap_4.o(.data)
    .data                                    0x20000088   Section       12  port.o(.data)
    uxCriticalNesting                        0x20000088   Data           4  port.o(.data)
    ucMaxSysCallPriority                     0x2000008c   Data           1  port.o(.data)
    ulMaxPRIGROUPValue                       0x20000090   Data           4  port.o(.data)
    .data                                    0x20000094   Section       12  oled.o(.data)
    oled_i2c                                 0x20000094   Data          12  oled.o(.data)
    .data                                    0x200000a0   Section       40  wit_c_sdk.o(.data)
    p_WitSerialWriteFunc                     0x200000a0   Data           4  wit_c_sdk.o(.data)
    p_WitI2cWriteFunc                        0x200000a4   Data           4  wit_c_sdk.o(.data)
    p_WitI2cReadFunc                         0x200000a8   Data           4  wit_c_sdk.o(.data)
    p_WitCanWriteFunc                        0x200000ac   Data           4  wit_c_sdk.o(.data)
    p_WitRegUpdateCbFunc                     0x200000b0   Data           4  wit_c_sdk.o(.data)
    p_WitDelaymsFunc                         0x200000b4   Data           4  wit_c_sdk.o(.data)
    s_ucAddr                                 0x200000b8   Data           1  wit_c_sdk.o(.data)
    s_uiWitDataCnt                           0x200000bc   Data           4  wit_c_sdk.o(.data)
    s_uiProtoclo                             0x200000c0   Data           4  wit_c_sdk.o(.data)
    s_uiReadRegIndex                         0x200000c4   Data           4  wit_c_sdk.o(.data)
    .data                                    0x200000c8   Section        1  wit_uart.o(.data)
    g_usart2_rx_byte                         0x200000c8   Data           1  wit_uart.o(.data)
    .data                                    0x200000cc   Section       28  wit_imu.o(.data)
    .data                                    0x200000e8   Section       12  nrf_recv.o(.data)
    s_nrfTaskHandle                          0x200000e8   Data           4  nrf_recv.o(.data)
    .data                                    0x200000f4   Section       21  pump_charge.o(.data)
    adc_buf                                  0x200000f4   Data           2  pump_charge.o(.data)
    acc                                      0x20000104   Data           4  pump_charge.o(.data)
    cnt                                      0x20000108   Data           1  pump_charge.o(.data)
    .data                                    0x2000010c   Section        4  errno.o(.data)
    _errno                                   0x2000010c   Data           4  errno.o(.data)
    .bss                                     0x20000110   Section      168  adc.o(.bss)
    .bss                                     0x200001b8   Section       88  spi.o(.bss)
    .bss                                     0x20000210   Section      288  tim.o(.bss)
    .bss                                     0x20000330   Section      144  usart.o(.bss)
    .bss                                     0x200003c0   Section       72  stm32f4xx_hal_timebase_tim.o(.bss)
    .bss                                     0x20000408   Section       64  queue.o(.bss)
    .bss                                     0x20000448   Section     1220  tasks.o(.bss)
    pxReadyTasksLists                        0x20000448   Data        1120  tasks.o(.bss)
    xDelayedTaskList1                        0x200008a8   Data          20  tasks.o(.bss)
    xDelayedTaskList2                        0x200008bc   Data          20  tasks.o(.bss)
    xPendingReadyList                        0x200008d0   Data          20  tasks.o(.bss)
    xTasksWaitingTermination                 0x200008e4   Data          20  tasks.o(.bss)
    xSuspendedTaskList                       0x200008f8   Data          20  tasks.o(.bss)
    .bss                                     0x2000090c   Section      280  timers.o(.bss)
    xActiveTimerList1                        0x2000090c   Data          20  timers.o(.bss)
    xActiveTimerList2                        0x20000920   Data          20  timers.o(.bss)
    xStaticTimerQueue                        0x20000934   Data          80  timers.o(.bss)
    ucStaticTimerQueueStorage                0x20000984   Data         160  timers.o(.bss)
    .bss                                     0x20000a24   Section     1720  cmsis_os2.o(.bss)
    Idle_TCB                                 0x20000a24   Data          92  cmsis_os2.o(.bss)
    Idle_Stack                               0x20000a80   Data         512  cmsis_os2.o(.bss)
    Timer_TCB                                0x20000c80   Data          92  cmsis_os2.o(.bss)
    Timer_Stack                              0x20000cdc   Data        1024  cmsis_os2.o(.bss)
    .bss                                     0x200010dc   Section    15360  heap_4.o(.bss)
    ucHeap                                   0x200010dc   Data       15360  heap_4.o(.bss)
    .bss                                     0x20004cdc   Section      544  wit_c_sdk.o(.bss)
    s_ucWitDataBuff                          0x20004cdc   Data         256  wit_c_sdk.o(.bss)
    .bss                                     0x20004efc   Section       64  nrf24l01.o(.bss)
    .bss                                     0x20004f3c   Section       24  servo_move.o(.bss)
    servo_curr                               0x20004f3c   Data          24  servo_move.o(.bss)
    STACK                                    0x20004f58   Section     1024  startup_stm32f407xx.o(STACK)

    Global Symbols

    Symbol Name                              Value     Ov Type        Size  Object(Section)

    BuildAttributes$$THM_ISAv4$E$P$D$K$B$S$7EM$VFPi3$EXTD16$VFPS$VFMA$PE$A:L22UL41UL21$X:L11$S22US41US21$IEEE1$IW$USESV6$~STKCKD$USESV7$~SHL$OTIME$ROPI$IEEEX$EBA8$MICROLIB$REQ8$PRES8$EABIv2 0x00000000   Number         0  anon$$obj.o ABSOLUTE
    __ARM_use_no_argv                        0x00000000   Number         0  main.o ABSOLUTE
    __cpp_initialize__aeabi_                  - Undefined Weak Reference
    __cxa_finalize                            - Undefined Weak Reference
    __decompress                              - Undefined Weak Reference
    _clock_init                               - Undefined Weak Reference
    _microlib_exit                            - Undefined Weak Reference
    __Vectors_Size                           0x00000188   Number         0  startup_stm32f407xx.o ABSOLUTE
    __Vectors                                0x08000000   Data           4  startup_stm32f407xx.o(RESET)
    __Vectors_End                            0x08000188   Data           0  startup_stm32f407xx.o(RESET)
    __main                                   0x08000189   Thumb Code     0  entry.o(.ARM.Collect$$$$00000000)
    _main_stk                                0x08000189   Thumb Code     0  entry2.o(.ARM.Collect$$$$00000001)
    _main_scatterload                        0x0800018d   Thumb Code     0  entry5.o(.ARM.Collect$$$$00000004)
    __main_after_scatterload                 0x08000191   Thumb Code     0  entry5.o(.ARM.Collect$$$$00000004)
    _main_clock                              0x08000191   Thumb Code     0  entry7b.o(.ARM.Collect$$$$00000008)
    _main_cpp_init                           0x08000191   Thumb Code     0  entry8b.o(.ARM.Collect$$$$0000000A)
    _main_init                               0x08000191   Thumb Code     0  entry9a.o(.ARM.Collect$$$$0000000B)
    __rt_final_cpp                           0x08000199   Thumb Code     0  entry10a.o(.ARM.Collect$$$$0000000D)
    __rt_final_exit                          0x08000199   Thumb Code     0  entry11a.o(.ARM.Collect$$$$0000000F)
    SVC_Handler                              0x0800019d   Thumb Code    28  port.o(.emb_text)
    __asm___6_port_c_39a90d8d__prvStartFirstTask 0x080001bd   Thumb Code    36  port.o(.emb_text)
    __asm___6_port_c_39a90d8d__prvEnableVFP  0x080001e5   Thumb Code    16  port.o(.emb_text)
    PendSV_Handler                           0x080001f9   Thumb Code    88  port.o(.emb_text)
    vPortGetIPSR                             0x08000255   Thumb Code     6  port.o(.emb_text)
    Reset_Handler                            0x0800025d   Thumb Code     8  startup_stm32f407xx.o(.text)
    ADC_IRQHandler                           0x08000277   Thumb Code     0  startup_stm32f407xx.o(.text)
    CAN1_RX0_IRQHandler                      0x08000277   Thumb Code     0  startup_stm32f407xx.o(.text)
    CAN1_RX1_IRQHandler                      0x08000277   Thumb Code     0  startup_stm32f407xx.o(.text)
    CAN1_SCE_IRQHandler                      0x08000277   Thumb Code     0  startup_stm32f407xx.o(.text)
    CAN1_TX_IRQHandler                       0x08000277   Thumb Code     0  startup_stm32f407xx.o(.text)
    CAN2_RX0_IRQHandler                      0x08000277   Thumb Code     0  startup_stm32f407xx.o(.text)
    CAN2_RX1_IRQHandler                      0x08000277   Thumb Code     0  startup_stm32f407xx.o(.text)
    CAN2_SCE_IRQHandler                      0x08000277   Thumb Code     0  startup_stm32f407xx.o(.text)
    CAN2_TX_IRQHandler                       0x08000277   Thumb Code     0  startup_stm32f407xx.o(.text)
    DCMI_IRQHandler                          0x08000277   Thumb Code     0  startup_stm32f407xx.o(.text)
    DMA1_Stream0_IRQHandler                  0x08000277   Thumb Code     0  startup_stm32f407xx.o(.text)
    DMA1_Stream1_IRQHandler                  0x08000277   Thumb Code     0  startup_stm32f407xx.o(.text)
    DMA1_Stream2_IRQHandler                  0x08000277   Thumb Code     0  startup_stm32f407xx.o(.text)
    DMA1_Stream3_IRQHandler                  0x08000277   Thumb Code     0  startup_stm32f407xx.o(.text)
    DMA1_Stream4_IRQHandler                  0x08000277   Thumb Code     0  startup_stm32f407xx.o(.text)
    DMA1_Stream5_IRQHandler                  0x08000277   Thumb Code     0  startup_stm32f407xx.o(.text)
    DMA1_Stream6_IRQHandler                  0x08000277   Thumb Code     0  startup_stm32f407xx.o(.text)
    DMA1_Stream7_IRQHandler                  0x08000277   Thumb Code     0  startup_stm32f407xx.o(.text)
    DMA2_Stream1_IRQHandler                  0x08000277   Thumb Code     0  startup_stm32f407xx.o(.text)
    DMA2_Stream2_IRQHandler                  0x08000277   Thumb Code     0  startup_stm32f407xx.o(.text)
    DMA2_Stream3_IRQHandler                  0x08000277   Thumb Code     0  startup_stm32f407xx.o(.text)
    DMA2_Stream4_IRQHandler                  0x08000277   Thumb Code     0  startup_stm32f407xx.o(.text)
    DMA2_Stream5_IRQHandler                  0x08000277   Thumb Code     0  startup_stm32f407xx.o(.text)
    DMA2_Stream6_IRQHandler                  0x08000277   Thumb Code     0  startup_stm32f407xx.o(.text)
    DMA2_Stream7_IRQHandler                  0x08000277   Thumb Code     0  startup_stm32f407xx.o(.text)
    ETH_IRQHandler                           0x08000277   Thumb Code     0  startup_stm32f407xx.o(.text)
    ETH_WKUP_IRQHandler                      0x08000277   Thumb Code     0  startup_stm32f407xx.o(.text)
    EXTI0_IRQHandler                         0x08000277   Thumb Code     0  startup_stm32f407xx.o(.text)
    EXTI15_10_IRQHandler                     0x08000277   Thumb Code     0  startup_stm32f407xx.o(.text)
    EXTI1_IRQHandler                         0x08000277   Thumb Code     0  startup_stm32f407xx.o(.text)
    EXTI2_IRQHandler                         0x08000277   Thumb Code     0  startup_stm32f407xx.o(.text)
    EXTI3_IRQHandler                         0x08000277   Thumb Code     0  startup_stm32f407xx.o(.text)
    EXTI4_IRQHandler                         0x08000277   Thumb Code     0  startup_stm32f407xx.o(.text)
    FLASH_IRQHandler                         0x08000277   Thumb Code     0  startup_stm32f407xx.o(.text)
    FMC_IRQHandler                           0x08000277   Thumb Code     0  startup_stm32f407xx.o(.text)
    FPU_IRQHandler                           0x08000277   Thumb Code     0  startup_stm32f407xx.o(.text)
    HASH_RNG_IRQHandler                      0x08000277   Thumb Code     0  startup_stm32f407xx.o(.text)
    I2C1_ER_IRQHandler                       0x08000277   Thumb Code     0  startup_stm32f407xx.o(.text)
    I2C1_EV_IRQHandler                       0x08000277   Thumb Code     0  startup_stm32f407xx.o(.text)
    I2C2_ER_IRQHandler                       0x08000277   Thumb Code     0  startup_stm32f407xx.o(.text)
    I2C2_EV_IRQHandler                       0x08000277   Thumb Code     0  startup_stm32f407xx.o(.text)
    I2C3_ER_IRQHandler                       0x08000277   Thumb Code     0  startup_stm32f407xx.o(.text)
    I2C3_EV_IRQHandler                       0x08000277   Thumb Code     0  startup_stm32f407xx.o(.text)
    OTG_FS_IRQHandler                        0x08000277   Thumb Code     0  startup_stm32f407xx.o(.text)
    OTG_FS_WKUP_IRQHandler                   0x08000277   Thumb Code     0  startup_stm32f407xx.o(.text)
    OTG_HS_EP1_IN_IRQHandler                 0x08000277   Thumb Code     0  startup_stm32f407xx.o(.text)
    OTG_HS_EP1_OUT_IRQHandler                0x08000277   Thumb Code     0  startup_stm32f407xx.o(.text)
    OTG_HS_IRQHandler                        0x08000277   Thumb Code     0  startup_stm32f407xx.o(.text)
    OTG_HS_WKUP_IRQHandler                   0x08000277   Thumb Code     0  startup_stm32f407xx.o(.text)
    PVD_IRQHandler                           0x08000277   Thumb Code     0  startup_stm32f407xx.o(.text)
    RCC_IRQHandler                           0x08000277   Thumb Code     0  startup_stm32f407xx.o(.text)
    RTC_Alarm_IRQHandler                     0x08000277   Thumb Code     0  startup_stm32f407xx.o(.text)
    RTC_WKUP_IRQHandler                      0x08000277   Thumb Code     0  startup_stm32f407xx.o(.text)
    SDIO_IRQHandler                          0x08000277   Thumb Code     0  startup_stm32f407xx.o(.text)
    SPI1_IRQHandler                          0x08000277   Thumb Code     0  startup_stm32f407xx.o(.text)
    SPI2_IRQHandler                          0x08000277   Thumb Code     0  startup_stm32f407xx.o(.text)
    SPI3_IRQHandler                          0x08000277   Thumb Code     0  startup_stm32f407xx.o(.text)
    TAMP_STAMP_IRQHandler                    0x08000277   Thumb Code     0  startup_stm32f407xx.o(.text)
    TIM1_BRK_TIM9_IRQHandler                 0x08000277   Thumb Code     0  startup_stm32f407xx.o(.text)
    TIM1_CC_IRQHandler                       0x08000277   Thumb Code     0  startup_stm32f407xx.o(.text)
    TIM1_TRG_COM_TIM11_IRQHandler            0x08000277   Thumb Code     0  startup_stm32f407xx.o(.text)
    TIM1_UP_TIM10_IRQHandler                 0x08000277   Thumb Code     0  startup_stm32f407xx.o(.text)
    TIM2_IRQHandler                          0x08000277   Thumb Code     0  startup_stm32f407xx.o(.text)
    TIM3_IRQHandler                          0x08000277   Thumb Code     0  startup_stm32f407xx.o(.text)
    TIM4_IRQHandler                          0x08000277   Thumb Code     0  startup_stm32f407xx.o(.text)
    TIM5_IRQHandler                          0x08000277   Thumb Code     0  startup_stm32f407xx.o(.text)
    TIM6_DAC_IRQHandler                      0x08000277   Thumb Code     0  startup_stm32f407xx.o(.text)
    TIM7_IRQHandler                          0x08000277   Thumb Code     0  startup_stm32f407xx.o(.text)
    TIM8_BRK_TIM12_IRQHandler                0x08000277   Thumb Code     0  startup_stm32f407xx.o(.text)
    TIM8_CC_IRQHandler                       0x08000277   Thumb Code     0  startup_stm32f407xx.o(.text)
    TIM8_UP_TIM13_IRQHandler                 0x08000277   Thumb Code     0  startup_stm32f407xx.o(.text)
    UART4_IRQHandler                         0x08000277   Thumb Code     0  startup_stm32f407xx.o(.text)
    UART5_IRQHandler                         0x08000277   Thumb Code     0  startup_stm32f407xx.o(.text)
    USART1_IRQHandler                        0x08000277   Thumb Code     0  startup_stm32f407xx.o(.text)
    USART3_IRQHandler                        0x08000277   Thumb Code     0  startup_stm32f407xx.o(.text)
    USART6_IRQHandler                        0x08000277   Thumb Code     0  startup_stm32f407xx.o(.text)
    WWDG_IRQHandler                          0x08000277   Thumb Code     0  startup_stm32f407xx.o(.text)
    __aeabi_uldivmod                         0x08000281   Thumb Code    98  uldiv.o(.text)
    __aeabi_memcpy                           0x080002e3   Thumb Code    36  memcpya.o(.text)
    __aeabi_memcpy4                          0x080002e3   Thumb Code     0  memcpya.o(.text)
    __aeabi_memcpy8                          0x080002e3   Thumb Code     0  memcpya.o(.text)
    __aeabi_memset                           0x08000307   Thumb Code    14  memseta.o(.text)
    __aeabi_memset4                          0x08000307   Thumb Code     0  memseta.o(.text)
    __aeabi_memset8                          0x08000307   Thumb Code     0  memseta.o(.text)
    __aeabi_memclr                           0x08000315   Thumb Code     4  memseta.o(.text)
    __aeabi_memclr4                          0x08000315   Thumb Code     0  memseta.o(.text)
    __aeabi_memclr8                          0x08000315   Thumb Code     0  memseta.o(.text)
    memset                                   0x08000319   Thumb Code    18  memseta.o(.text)
    __aeabi_dadd                             0x0800032b   Thumb Code   322  dadd.o(.text)
    __aeabi_dsub                             0x0800046d   Thumb Code     6  dadd.o(.text)
    __aeabi_drsub                            0x08000473   Thumb Code     6  dadd.o(.text)
    __aeabi_dmul                             0x08000479   Thumb Code   228  dmul.o(.text)
    __aeabi_f2d                              0x0800055d   Thumb Code    38  f2d.o(.text)
    __aeabi_d2f                              0x08000583   Thumb Code    56  d2f.o(.text)
    __aeabi_llsl                             0x080005bb   Thumb Code    30  llshl.o(.text)
    _ll_shift_l                              0x080005bb   Thumb Code     0  llshl.o(.text)
    __aeabi_llsr                             0x080005d9   Thumb Code    32  llushr.o(.text)
    _ll_ushift_r                             0x080005d9   Thumb Code     0  llushr.o(.text)
    __aeabi_lasr                             0x080005f9   Thumb Code    36  llsshr.o(.text)
    _ll_sshift_r                             0x080005f9   Thumb Code     0  llsshr.o(.text)
    __I$use$fp                               0x0800061d   Thumb Code     0  iusefp.o(.text)
    _float_round                             0x0800061d   Thumb Code    18  fepilogue.o(.text)
    _float_epilogue                          0x0800062f   Thumb Code    92  fepilogue.o(.text)
    _double_round                            0x0800068b   Thumb Code    30  depilogue.o(.text)
    _double_epilogue                         0x080006a9   Thumb Code   156  depilogue.o(.text)
    __scatterload                            0x08000745   Thumb Code    28  init.o(.text)
    __scatterload_rt2                        0x08000745   Thumb Code     0  init.o(.text)
    BusFault_Handler                         0x08000971   Thumb Code     4  stm32f4xx_it.o(i.BusFault_Handler)
    CheckRange                               0x08000975   Thumb Code    18  wit_c_sdk.o(i.CheckRange)
    DMA2_Stream0_IRQHandler                  0x08000a79   Thumb Code    10  stm32f4xx_it.o(i.DMA2_Stream0_IRQHandler)
    DebugMon_Handler                         0x08000b93   Thumb Code     2  stm32f4xx_it.o(i.DebugMon_Handler)
    EXTI9_5_IRQHandler                       0x08000bbf   Thumb Code    12  stm32f4xx_it.o(i.EXTI9_5_IRQHandler)
    Error_Handler                            0x08000bcb   Thumb Code     6  main.o(i.Error_Handler)
    HAL_ADC_ConfigChannel                    0x08000bd1   Thumb Code   380  stm32f4xx_hal_adc.o(i.HAL_ADC_ConfigChannel)
    HAL_ADC_ConvCpltCallback                 0x08000d5d   Thumb Code   216  pump_charge.o(i.HAL_ADC_ConvCpltCallback)
    HAL_ADC_ConvHalfCpltCallback             0x08000e69   Thumb Code     2  stm32f4xx_hal_adc.o(i.HAL_ADC_ConvHalfCpltCallback)
    HAL_ADC_ErrorCallback                    0x08000e6b   Thumb Code     2  stm32f4xx_hal_adc.o(i.HAL_ADC_ErrorCallback)
    HAL_ADC_Init                             0x08000e6d   Thumb Code   100  stm32f4xx_hal_adc.o(i.HAL_ADC_Init)
    HAL_ADC_MspInit                          0x08000ed5   Thumb Code   176  adc.o(i.HAL_ADC_MspInit)
    HAL_ADC_Start_DMA                        0x08000f99   Thumb Code   406  stm32f4xx_hal_adc.o(i.HAL_ADC_Start_DMA)
    HAL_DMA_Abort                            0x08001155   Thumb Code   172  stm32f4xx_hal_dma.o(i.HAL_DMA_Abort)
    HAL_DMA_Abort_IT                         0x08001201   Thumb Code    40  stm32f4xx_hal_dma.o(i.HAL_DMA_Abort_IT)
    HAL_DMA_IRQHandler                       0x08001229   Thumb Code   570  stm32f4xx_hal_dma.o(i.HAL_DMA_IRQHandler)
    HAL_DMA_Init                             0x08001469   Thumb Code   232  stm32f4xx_hal_dma.o(i.HAL_DMA_Init)
    HAL_DMA_Start_IT                         0x08001555   Thumb Code   146  stm32f4xx_hal_dma.o(i.HAL_DMA_Start_IT)
    HAL_Delay                                0x080015e9   Thumb Code    36  stm32f4xx_hal.o(i.HAL_Delay)
    HAL_GPIO_EXTI_Callback                   0x08001611   Thumb Code    54  nrf_recv.o(i.HAL_GPIO_EXTI_Callback)
    HAL_GPIO_EXTI_IRQHandler                 0x08001651   Thumb Code    24  stm32f4xx_hal_gpio.o(i.HAL_GPIO_EXTI_IRQHandler)
    HAL_GPIO_Init                            0x0800166d   Thumb Code   454  stm32f4xx_hal_gpio.o(i.HAL_GPIO_Init)
    HAL_GPIO_ReadPin                         0x08001861   Thumb Code    16  stm32f4xx_hal_gpio.o(i.HAL_GPIO_ReadPin)
    HAL_GPIO_WritePin                        0x08001871   Thumb Code    12  stm32f4xx_hal_gpio.o(i.HAL_GPIO_WritePin)
    HAL_GetTick                              0x0800187d   Thumb Code     6  stm32f4xx_hal.o(i.HAL_GetTick)
    HAL_IncTick                              0x08001889   Thumb Code    16  stm32f4xx_hal.o(i.HAL_IncTick)
    HAL_Init                                 0x080018a1   Thumb Code    54  stm32f4xx_hal.o(i.HAL_Init)
    HAL_InitTick                             0x080018dd   Thumb Code   160  stm32f4xx_hal_timebase_tim.o(i.HAL_InitTick)
    HAL_MspInit                              0x08001991   Thumb Code    78  stm32f4xx_hal_msp.o(i.HAL_MspInit)
    HAL_NVIC_EnableIRQ                       0x080019e5   Thumb Code    40  stm32f4xx_hal_cortex.o(i.HAL_NVIC_EnableIRQ)
    HAL_NVIC_SetPriority                     0x08001a0d   Thumb Code   124  stm32f4xx_hal_cortex.o(i.HAL_NVIC_SetPriority)
    HAL_NVIC_SetPriorityGrouping             0x08001a89   Thumb Code    32  stm32f4xx_hal_cortex.o(i.HAL_NVIC_SetPriorityGrouping)
    HAL_RCC_ClockConfig                      0x08001ab1   Thumb Code   368  stm32f4xx_hal_rcc.o(i.HAL_RCC_ClockConfig)
    HAL_RCC_GetClockConfig                   0x08001c35   Thumb Code    58  stm32f4xx_hal_rcc.o(i.HAL_RCC_GetClockConfig)
    HAL_RCC_GetHCLKFreq                      0x08001c79   Thumb Code     6  stm32f4xx_hal_rcc.o(i.HAL_RCC_GetHCLKFreq)
    HAL_RCC_GetPCLK1Freq                     0x08001c85   Thumb Code    22  stm32f4xx_hal_rcc.o(i.HAL_RCC_GetPCLK1Freq)
    HAL_RCC_GetPCLK2Freq                     0x08001ca5   Thumb Code    22  stm32f4xx_hal_rcc.o(i.HAL_RCC_GetPCLK2Freq)
    HAL_RCC_GetSysClockFreq                  0x08001cc5   Thumb Code   162  stm32f4xx_hal_rcc.o(i.HAL_RCC_GetSysClockFreq)
    HAL_RCC_OscConfig                        0x08001d75   Thumb Code  1172  stm32f4xx_hal_rcc.o(i.HAL_RCC_OscConfig)
    HAL_SPI_Init                             0x08002211   Thumb Code   200  stm32f4xx_hal_spi.o(i.HAL_SPI_Init)
    HAL_SPI_MspInit                          0x080022d9   Thumb Code   124  spi.o(i.HAL_SPI_MspInit)
    HAL_SPI_TransmitReceive                  0x08002361   Thumb Code   584  stm32f4xx_hal_spi.o(i.HAL_SPI_TransmitReceive)
    HAL_TIMEx_BreakCallback                  0x080025a9   Thumb Code     2  stm32f4xx_hal_tim_ex.o(i.HAL_TIMEx_BreakCallback)
    HAL_TIMEx_CommutCallback                 0x080025ab   Thumb Code     2  stm32f4xx_hal_tim_ex.o(i.HAL_TIMEx_CommutCallback)
    HAL_TIMEx_ConfigBreakDeadTime            0x080025ad   Thumb Code   116  stm32f4xx_hal_tim_ex.o(i.HAL_TIMEx_ConfigBreakDeadTime)
    HAL_TIMEx_MasterConfigSynchronization    0x08002621   Thumb Code   150  stm32f4xx_hal_tim_ex.o(i.HAL_TIMEx_MasterConfigSynchronization)
    HAL_TIM_Base_Init                        0x080026d5   Thumb Code   102  stm32f4xx_hal_tim.o(i.HAL_TIM_Base_Init)
    HAL_TIM_Base_MspInit                     0x0800273d   Thumb Code    62  tim.o(i.HAL_TIM_Base_MspInit)
    HAL_TIM_Base_Start                       0x08002785   Thumb Code   126  stm32f4xx_hal_tim.o(i.HAL_TIM_Base_Start)
    HAL_TIM_Base_Start_IT                    0x08002821   Thumb Code   138  stm32f4xx_hal_tim.o(i.HAL_TIM_Base_Start_IT)
    HAL_TIM_ConfigClockSource                0x080028c9   Thumb Code   268  stm32f4xx_hal_tim.o(i.HAL_TIM_ConfigClockSource)
    HAL_TIM_IC_CaptureCallback               0x080029d5   Thumb Code     2  stm32f4xx_hal_tim.o(i.HAL_TIM_IC_CaptureCallback)
    HAL_TIM_IRQHandler                       0x080029d7   Thumb Code   364  stm32f4xx_hal_tim.o(i.HAL_TIM_IRQHandler)
    HAL_TIM_MspPostInit                      0x08002b45   Thumb Code   280  tim.o(i.HAL_TIM_MspPostInit)
    HAL_TIM_OC_DelayElapsedCallback          0x08002c79   Thumb Code     2  stm32f4xx_hal_tim.o(i.HAL_TIM_OC_DelayElapsedCallback)
    HAL_TIM_PWM_ConfigChannel                0x08002c7b   Thumb Code   260  stm32f4xx_hal_tim.o(i.HAL_TIM_PWM_ConfigChannel)
    HAL_TIM_PWM_Init                         0x08002d7f   Thumb Code   102  stm32f4xx_hal_tim.o(i.HAL_TIM_PWM_Init)
    HAL_TIM_PWM_MspInit                      0x08002de5   Thumb Code   132  tim.o(i.HAL_TIM_PWM_MspInit)
    HAL_TIM_PWM_PulseFinishedCallback        0x08002e79   Thumb Code     2  stm32f4xx_hal_tim.o(i.HAL_TIM_PWM_PulseFinishedCallback)
    HAL_TIM_PWM_Start                        0x08002e7d   Thumb Code   238  stm32f4xx_hal_tim.o(i.HAL_TIM_PWM_Start)
    HAL_TIM_PeriodElapsedCallback            0x08002f89   Thumb Code    18  main.o(i.HAL_TIM_PeriodElapsedCallback)
    HAL_TIM_TriggerCallback                  0x08002fa1   Thumb Code     2  stm32f4xx_hal_tim.o(i.HAL_TIM_TriggerCallback)
    HAL_UARTEx_RxEventCallback               0x08002fa3   Thumb Code     2  stm32f4xx_hal_uart.o(i.HAL_UARTEx_RxEventCallback)
    HAL_UART_ErrorCallback                   0x08002fa5   Thumb Code     2  stm32f4xx_hal_uart.o(i.HAL_UART_ErrorCallback)
    HAL_UART_IRQHandler                      0x08002fa9   Thumb Code   772  stm32f4xx_hal_uart.o(i.HAL_UART_IRQHandler)
    HAL_UART_Init                            0x080032b1   Thumb Code   118  stm32f4xx_hal_uart.o(i.HAL_UART_Init)
    HAL_UART_MspInit                         0x08003329   Thumb Code   250  usart.o(i.HAL_UART_MspInit)
    HAL_UART_Receive_IT                      0x08003435   Thumb Code    44  stm32f4xx_hal_uart.o(i.HAL_UART_Receive_IT)
    HAL_UART_RxCpltCallback                  0x08003461   Thumb Code    32  wit_uart.o(i.HAL_UART_RxCpltCallback)
    HAL_UART_Transmit                        0x0800348d   Thumb Code   190  stm32f4xx_hal_uart.o(i.HAL_UART_Transmit)
    HAL_UART_TxCpltCallback                  0x0800354b   Thumb Code     2  stm32f4xx_hal_uart.o(i.HAL_UART_TxCpltCallback)
    HardFault_Handler                        0x0800354d   Thumb Code     4  stm32f4xx_it.o(i.HardFault_Handler)
    MX_ADC1_Init                             0x08003551   Thumb Code   100  adc.o(i.MX_ADC1_Init)
    MX_DMA_Init                              0x080035bd   Thumb Code    52  dma.o(i.MX_DMA_Init)
    MX_FREERTOS_Init                         0x080035f5   Thumb Code   122  freertos.o(i.MX_FREERTOS_Init)
    MX_GPIO_Init                             0x080036c9   Thumb Code   374  gpio.o(i.MX_GPIO_Init)
    MX_SPI2_Init                             0x08003851   Thumb Code    60  spi.o(i.MX_SPI2_Init)
    MX_TIM1_Init                             0x08003895   Thumb Code   214  tim.o(i.MX_TIM1_Init)
    MX_TIM3_Init                             0x08003975   Thumb Code   162  tim.o(i.MX_TIM3_Init)
    MX_TIM4_Init                             0x08003a21   Thumb Code   162  tim.o(i.MX_TIM4_Init)
    MX_TIM8_Init                             0x08003acd   Thumb Code   104  tim.o(i.MX_TIM8_Init)
    MX_USART1_UART_Init                      0x08003b3d   Thumb Code    46  usart.o(i.MX_USART1_UART_Init)
    MX_USART2_UART_Init                      0x08003b75   Thumb Code    46  usart.o(i.MX_USART2_UART_Init)
    MemManage_Handler                        0x08003bad   Thumb Code     4  stm32f4xx_it.o(i.MemManage_Handler)
    NMI_Handler                              0x08003bb1   Thumb Code     4  stm32f4xx_it.o(i.NMI_Handler)
    StartDefaultTask                         0x08003fa1   Thumb Code    10  freertos.o(i.StartDefaultTask)
    SysTick_Handler                          0x08003fab   Thumb Code    22  cmsis_os2.o(i.SysTick_Handler)
    SystemClock_Config                       0x08003fc1   Thumb Code   174  main.o(i.SystemClock_Config)
    SystemInit                               0x08004079   Thumb Code    14  system_stm32f4xx.o(i.SystemInit)
    TIM8_TRG_COM_TIM14_IRQHandler            0x0800408d   Thumb Code    16  stm32f4xx_it.o(i.TIM8_TRG_COM_TIM14_IRQHandler)
    TIM_Base_SetConfig                       0x080040a5   Thumb Code   178  stm32f4xx_hal_tim.o(i.TIM_Base_SetConfig)
    TIM_CCxChannelCmd                        0x08004185   Thumb Code    34  stm32f4xx_hal_tim.o(i.TIM_CCxChannelCmd)
    TIM_ETR_SetConfig                        0x080041a7   Thumb Code    22  stm32f4xx_hal_tim.o(i.TIM_ETR_SetConfig)
    TIM_OC2_SetConfig                        0x08004241   Thumb Code   114  stm32f4xx_hal_tim.o(i.TIM_OC2_SetConfig)
    UART_Start_Receive_IT                    0x0800479d   Thumb Code    64  stm32f4xx_hal_uart.o(i.UART_Start_Receive_IT)
    USART2_IRQHandler                        0x080048c9   Thumb Code    10  stm32f4xx_it.o(i.USART2_IRQHandler)
    UsageFault_Handler                       0x080048d9   Thumb Code     4  stm32f4xx_it.o(i.UsageFault_Handler)
    WitDelayMsRegister                       0x080048dd   Thumb Code    18  wit_c_sdk.o(i.WitDelayMsRegister)
    WitInit                                  0x080048f5   Thumb Code    30  wit_c_sdk.o(i.WitInit)
    WitRegisterCallBack                      0x08004921   Thumb Code    18  wit_c_sdk.o(i.WitRegisterCallBack)
    WitSerialDataIn                          0x08004939   Thumb Code   466  wit_c_sdk.o(i.WitSerialDataIn)
    WitSerialWriteRegister                   0x08004b25   Thumb Code    18  wit_c_sdk.o(i.WitSerialWriteRegister)
    WitSetContent                            0x08004b3d   Thumb Code    98  wit_c_sdk.o(i.WitSetContent)
    WitSetOutputRate                         0x08004ba9   Thumb Code    96  wit_c_sdk.o(i.WitSetOutputRate)
    WitWriteReg                              0x08004c11   Thumb Code   316  wit_c_sdk.o(i.WitWriteReg)
    __ARM_fpclassifyf                        0x08004d61   Thumb Code    38  fpclassifyf.o(i.__ARM_fpclassifyf)
    __hardfp_atan2f                          0x08004e1d   Thumb Code   502  atan2f.o(i.__hardfp_atan2f)
    __hardfp_cosf                            0x0800506d   Thumb Code   280  cosf.o(i.__hardfp_cosf)
    __hardfp_sinf                            0x080051bd   Thumb Code   344  sinf.o(i.__hardfp_sinf)
    __hardfp_sqrtf                           0x0800534d   Thumb Code    58  sqrtf.o(i.__hardfp_sqrtf)
    __mathlib_flt_infnan                     0x08005387   Thumb Code     6  funder.o(i.__mathlib_flt_infnan)
    __mathlib_flt_infnan2                    0x0800538d   Thumb Code     6  funder.o(i.__mathlib_flt_infnan2)
    __mathlib_flt_invalid                    0x08005395   Thumb Code    10  funder.o(i.__mathlib_flt_invalid)
    __mathlib_flt_underflow                  0x080053a5   Thumb Code    10  funder.o(i.__mathlib_flt_underflow)
    __mathlib_rredf2                         0x080053b5   Thumb Code   316  rredf.o(i.__mathlib_rredf2)
    __scatterload_copy                       0x08005509   Thumb Code    14  handlers.o(i.__scatterload_copy)
    __scatterload_null                       0x08005517   Thumb Code     2  handlers.o(i.__scatterload_null)
    __scatterload_zeroinit                   0x08005519   Thumb Code    14  handlers.o(i.__scatterload_zeroinit)
    __set_errno                              0x08005529   Thumb Code     6  errno.o(i.__set_errno)
    charge_task                              0x080057e5   Thumb Code   560  pump_charge.o(i.charge_task)
    choose_feet                              0x08005a45   Thumb Code   140  servo_move.o(i.choose_feet)
    delay_us                                 0x08005b69   Thumb Code    36  delay_us.o(i.delay_us)
    dwt_init                                 0x08005c59   Thumb Code    30  delay_us.o(i.dwt_init)
    feet_move                                0x08005d35   Thumb Code   142  servo_move.o(i.feet_move)
    imu_task                                 0x08005dd1   Thumb Code   486  wit_imu.o(i.imu_task)
    main                                     0x08005fed   Thumb Code    84  main.o(i.main)
    move_task                                0x08006089   Thumb Code    80  servo_move.o(i.move_task)
    nrf24_check                              0x080060e1   Thumb Code    86  nrf24l01.o(i.nrf24_check)
    nrf24_clear_irqs                         0x08006141   Thumb Code    12  nrf24l01.o(i.nrf24_clear_irqs)
    nrf24_flush_tx                           0x0800614d   Thumb Code    32  nrf24l01.o(i.nrf24_flush_tx)
    nrf24_init                               0x08006171   Thumb Code   110  nrf24l01.o(i.nrf24_init)
    nrf24_read_rxpayload                     0x080061ed   Thumb Code    52  nrf24l01.o(i.nrf24_read_rxpayload)
    nrf24_read_status                        0x08006225   Thumb Code    10  nrf24l01.o(i.nrf24_read_status)
    nrf24_receive32                          0x0800622f   Thumb Code    64  nrf24l01.o(i.nrf24_receive32)
    nrf24_rxmode                             0x08006271   Thumb Code    46  nrf24l01.o(i.nrf24_rxmode)
    nrf24_send32                             0x080062a5   Thumb Code   122  nrf24l01.o(i.nrf24_send32)
    nrf24_txmode                             0x08006329   Thumb Code    50  nrf24l01.o(i.nrf24_txmode)
    nrf24_write_txpayload                    0x08006361   Thumb Code    50  nrf24l01.o(i.nrf24_write_txpayload)
    nrf_recvtask                             0x08006399   Thumb Code   384  nrf_recv.o(i.nrf_recvtask)
    nrf_sendtask                             0x08006531   Thumb Code   106  nrf_send.o(i.nrf_sendtask)
    oled_clear                               0x080065ad   Thumb Code    42  oled.o(i.oled_clear)
    oled_init                                0x080065d7   Thumb Code   170  oled.o(i.oled_init)
    osDelay                                  0x0800676d   Thumb Code    30  cmsis_os2.o(i.osDelay)
    osKernelInitialize                       0x0800678d   Thumb Code    38  cmsis_os2.o(i.osKernelInitialize)
    osKernelStart                            0x080067b9   Thumb Code    82  cmsis_os2.o(i.osKernelStart)
    osThreadNew                              0x08006819   Thumb Code   184  cmsis_os2.o(i.osThreadNew)
    pvPortMalloc                             0x0800731d   Thumb Code   306  heap_4.o(i.pvPortMalloc)
    pxPortInitialiseStack                    0x08007469   Thumb Code    38  port.o(i.pxPortInitialiseStack)
    servo_init_all                           0x0800761d   Thumb Code    68  servo_move.o(i.servo_init_all)
    servo_move_slow                          0x08007669   Thumb Code   154  servo_move.o(i.servo_move_slow)
    sw_i2c_recv_ack                          0x08007769   Thumb Code    34  sw_i2c.o(i.sw_i2c_recv_ack)
    sw_i2c_send_byte                         0x0800778b   Thumb Code    44  sw_i2c.o(i.sw_i2c_send_byte)
    sw_i2c_start                             0x080077b7   Thumb Code    30  sw_i2c.o(i.sw_i2c_start)
    sw_i2c_stop                              0x080077d5   Thumb Code    24  sw_i2c.o(i.sw_i2c_stop)
    ulTaskNotifyTake                         0x080077ed   Thumb Code   108  tasks.o(i.ulTaskNotifyTake)
    uxListRemove                             0x08007861   Thumb Code    40  list.o(i.uxListRemove)
    vApplicationGetIdleTaskMemory            0x08007889   Thumb Code    14  cmsis_os2.o(i.vApplicationGetIdleTaskMemory)
    vApplicationGetTimerTaskMemory           0x080078a1   Thumb Code    16  cmsis_os2.o(i.vApplicationGetTimerTaskMemory)
    vListInitialise                          0x080078b9   Thumb Code    26  list.o(i.vListInitialise)
    vListInitialiseItem                      0x080078d3   Thumb Code     6  list.o(i.vListInitialiseItem)
    vListInsert                              0x080078d9   Thumb Code    52  list.o(i.vListInsert)
    vListInsertEnd                           0x0800790d   Thumb Code    24  list.o(i.vListInsertEnd)
    vPortEnterCritical                       0x08007925   Thumb Code    76  port.o(i.vPortEnterCritical)
    vPortExitCritical                        0x08007979   Thumb Code    56  port.o(i.vPortExitCritical)
    vPortFree                                0x080079b5   Thumb Code   150  heap_4.o(i.vPortFree)
    vPortSetupTimerInterrupt                 0x08007a59   Thumb Code    36  port.o(i.vPortSetupTimerInterrupt)
    vPortValidateInterruptPriority           0x08007a81   Thumb Code   106  port.o(i.vPortValidateInterruptPriority)
    vQueueAddToRegistry                      0x08007af9   Thumb Code    38  queue.o(i.vQueueAddToRegistry)
    vQueueWaitForMessageRestricted           0x08007b25   Thumb Code    74  queue.o(i.vQueueWaitForMessageRestricted)
    vTaskDelay                               0x08007b71   Thumb Code    82  tasks.o(i.vTaskDelay)
    vTaskDelayUntil                          0x08007bcd   Thumb Code   200  tasks.o(i.vTaskDelayUntil)
    vTaskInternalSetTimeOutState             0x08007ca1   Thumb Code    14  tasks.o(i.vTaskInternalSetTimeOutState)
    vTaskMissedYield                         0x08007cb9   Thumb Code     8  tasks.o(i.vTaskMissedYield)
    vTaskNotifyGiveFromISR                   0x08007cc5   Thumb Code   212  tasks.o(i.vTaskNotifyGiveFromISR)
    vTaskPlaceOnEventList                    0x08007db1   Thumb Code    52  tasks.o(i.vTaskPlaceOnEventList)
    vTaskPlaceOnEventListRestricted          0x08007de9   Thumb Code    60  tasks.o(i.vTaskPlaceOnEventListRestricted)
    vTaskStartScheduler                      0x08007e29   Thumb Code   156  tasks.o(i.vTaskStartScheduler)
    vTaskSuspendAll                          0x08007ee1   Thumb Code    12  tasks.o(i.vTaskSuspendAll)
    vTaskSwitchContext                       0x08007ef1   Thumb Code   122  tasks.o(i.vTaskSwitchContext)
    wit_uart_init                            0x08007f81   Thumb Code    14  wit_uart.o(i.wit_uart_init)
    xPortStartScheduler                      0x08008029   Thumb Code   330  port.o(i.xPortStartScheduler)
    xPortSysTickHandler                      0x08008191   Thumb Code    46  port.o(i.xPortSysTickHandler)
    xQueueGenericCreate                      0x080081c5   Thumb Code    90  queue.o(i.xQueueGenericCreate)
    xQueueGenericCreateStatic                0x0800821f   Thumb Code   224  queue.o(i.xQueueGenericCreateStatic)
    xQueueGenericReset                       0x08008301   Thumb Code   146  queue.o(i.xQueueGenericReset)
    xQueueGenericSend                        0x08008399   Thumb Code   420  queue.o(i.xQueueGenericSend)
    xQueueGenericSendFromISR                 0x08008541   Thumb Code   252  queue.o(i.xQueueGenericSendFromISR)
    xQueuePeek                               0x0800863d   Thumb Code   362  queue.o(i.xQueuePeek)
    xQueueReceive                            0x080087ad   Thumb Code   356  queue.o(i.xQueueReceive)
    xTaskCheckForTimeOut                     0x08008915   Thumb Code   132  tasks.o(i.xTaskCheckForTimeOut)
    xTaskCreate                              0x080089a1   Thumb Code   100  tasks.o(i.xTaskCreate)
    xTaskCreateStatic                        0x08008a05   Thumb Code   186  tasks.o(i.xTaskCreateStatic)
    xTaskGetCurrentTaskHandle                0x08008ac1   Thumb Code     6  tasks.o(i.xTaskGetCurrentTaskHandle)
    xTaskGetSchedulerState                   0x08008acd   Thumb Code    24  tasks.o(i.xTaskGetSchedulerState)
    xTaskGetTickCount                        0x08008aed   Thumb Code     6  tasks.o(i.xTaskGetTickCount)
    xTaskGetTickCountFromISR                 0x08008af9   Thumb Code    16  tasks.o(i.xTaskGetTickCountFromISR)
    xTaskIncrementTick                       0x08008b0d   Thumb Code   280  tasks.o(i.xTaskIncrementTick)
    xTaskPriorityDisinherit                  0x08008c51   Thumb Code   152  tasks.o(i.xTaskPriorityDisinherit)
    xTaskRemoveFromEventList                 0x08008cf5   Thumb Code   126  tasks.o(i.xTaskRemoveFromEventList)
    xTaskResumeAll                           0x08008d8d   Thumb Code   222  tasks.o(i.xTaskResumeAll)
    xTimerCreateTimerTask                    0x08008e91   Thumb Code   100  timers.o(i.xTimerCreateTimerTask)
    xTimerGenericCommand                     0x08008f09   Thumb Code   128  timers.o(i.xTimerGenericCommand)
    defaultTask_attributes                   0x08008f8c   Data          36  freertos.o(.constdata)
    AHBPrescTable                            0x08008fb8   Data          16  system_stm32f4xx.o(.constdata)
    APBPrescTable                            0x08008fc8   Data           8  system_stm32f4xx.o(.constdata)
    NRF_RX_ADDR                              0x080091d0   Data           5  nrf24l01.o(.constdata)
    NRF_TX_ADDR                              0x080091d5   Data           5  nrf24l01.o(.constdata)
    vertex                                   0x08009200   Data         240  wit_imu.o(.constdata)
    vertex_to_feet                           0x080092f0   Data          60  wit_imu.o(.constdata)
    feet                                     0x0800932c   Data         144  wit_imu.o(.constdata)
    mid_pos                                  0x080093c8   Data          24  servo_move.o(.constdata)
    long_pos                                 0x080093e0   Data          24  servo_move.o(.constdata)
    short_pos                                0x080093f8   Data          24  servo_move.o(.constdata)
    Region$$Table$$Base                      0x0800949c   Number         0  anon$$obj.o(Region$$Table)
    Region$$Table$$Limit                     0x080094bc   Number         0  anon$$obj.o(Region$$Table)
    defaultTaskHandle                        0x20000000   Data           4  freertos.o(.data)
    uwTick                                   0x20000004   Data           4  stm32f4xx_hal.o(.data)
    uwTickPrio                               0x20000008   Data           4  stm32f4xx_hal.o(.data)
    uwTickFreq                               0x2000000c   Data           1  stm32f4xx_hal.o(.data)
    SystemCoreClock                          0x20000010   Data           4  system_stm32f4xx.o(.data)
    pxCurrentTCB                             0x20000014   Data           4  tasks.o(.data)
    qAngle                                   0x200000cc   Data           4  wit_imu.o(.data)
    qQuat                                    0x200000d0   Data           4  wit_imu.o(.data)
    qAcc                                     0x200000d4   Data           4  wit_imu.o(.data)
    qGyro                                    0x200000d8   Data           4  wit_imu.o(.data)
    qDir                                     0x200000dc   Data           4  wit_imu.o(.data)
    qFeet                                    0x200000e0   Data           4  wit_imu.o(.data)
    qVel                                     0x200000e4   Data           4  wit_imu.o(.data)
    qMove                                    0x200000ec   Data           4  nrf_recv.o(.data)
    qMax_pre                                 0x200000f0   Data           4  nrf_recv.o(.data)
    s_pumpTaskHandle                         0x200000f8   Data           4  pump_charge.o(.data)
    qPressure                                0x200000fc   Data           4  pump_charge.o(.data)
    qPumpCmd                                 0x20000100   Data           4  pump_charge.o(.data)
    hadc1                                    0x20000110   Data          72  adc.o(.bss)
    hdma_adc1                                0x20000158   Data          96  adc.o(.bss)
    hspi2                                    0x200001b8   Data          88  spi.o(.bss)
    htim1                                    0x20000210   Data          72  tim.o(.bss)
    htim3                                    0x20000258   Data          72  tim.o(.bss)
    htim4                                    0x200002a0   Data          72  tim.o(.bss)
    htim8                                    0x200002e8   Data          72  tim.o(.bss)
    huart1                                   0x20000330   Data          72  usart.o(.bss)
    huart2                                   0x20000378   Data          72  usart.o(.bss)
    htim14                                   0x200003c0   Data          72  stm32f4xx_hal_timebase_tim.o(.bss)
    xQueueRegistry                           0x20000408   Data          64  queue.o(.bss)
    sReg                                     0x20004ddc   Data         288  wit_c_sdk.o(.bss)
    rx                                       0x20004efc   Data          32  nrf24l01.o(.bss)
    tx                                       0x20004f1c   Data          32  nrf24l01.o(.bss)
    __initial_sp                             0x20005358   Data           0  startup_stm32f407xx.o(STACK)



==============================================================================

Memory Map of the image

  Image Entry point : 0x08000189

  Load Region LR_IROM1 (Base: 0x08000000, Size: 0x000095cc, Max: 0x00080000, ABSOLUTE)

    Execution Region ER_IROM1 (Exec base: 0x08000000, Load base: 0x08000000, Size: 0x000094bc, Max: 0x00080000, ABSOLUTE)

    Exec Addr    Load Addr    Size         Type   Attr      Idx    E Section Name        Object

    0x08000000   0x08000000   0x00000188   Data   RO            3    RESET               startup_stm32f407xx.o
    0x08000188   0x08000188   0x00000000   Code   RO         6606  * .ARM.Collect$$$$00000000  mc_w.l(entry.o)
    0x08000188   0x08000188   0x00000004   Code   RO         6674    .ARM.Collect$$$$00000001  mc_w.l(entry2.o)
    0x0800018c   0x0800018c   0x00000004   Code   RO         6677    .ARM.Collect$$$$00000004  mc_w.l(entry5.o)
    0x08000190   0x08000190   0x00000000   Code   RO         6679    .ARM.Collect$$$$00000008  mc_w.l(entry7b.o)
    0x08000190   0x08000190   0x00000000   Code   RO         6681    .ARM.Collect$$$$0000000A  mc_w.l(entry8b.o)
    0x08000190   0x08000190   0x00000008   Code   RO         6682    .ARM.Collect$$$$0000000B  mc_w.l(entry9a.o)
    0x08000198   0x08000198   0x00000000   Code   RO         6684    .ARM.Collect$$$$0000000D  mc_w.l(entry10a.o)
    0x08000198   0x08000198   0x00000000   Code   RO         6686    .ARM.Collect$$$$0000000F  mc_w.l(entry11a.o)
    0x08000198   0x08000198   0x00000004   Code   RO         6675    .ARM.Collect$$$$00002712  mc_w.l(entry2.o)
    0x0800019c   0x0800019c   0x000000be   Code   RO         5613    .emb_text           port.o
    0x0800025a   0x0800025a   0x00000002   PAD
    0x0800025c   0x0800025c   0x00000024   Code   RO            4    .text               startup_stm32f407xx.o
    0x08000280   0x08000280   0x00000062   Code   RO         6609    .text               mc_w.l(uldiv.o)
    0x080002e2   0x080002e2   0x00000024   Code   RO         6611    .text               mc_w.l(memcpya.o)
    0x08000306   0x08000306   0x00000024   Code   RO         6615    .text               mc_w.l(memseta.o)
    0x0800032a   0x0800032a   0x0000014e   Code   RO         6647    .text               mf_w.l(dadd.o)
    0x08000478   0x08000478   0x000000e4   Code   RO         6649    .text               mf_w.l(dmul.o)
    0x0800055c   0x0800055c   0x00000026   Code   RO         6651    .text               mf_w.l(f2d.o)
    0x08000582   0x08000582   0x00000038   Code   RO         6653    .text               mf_w.l(d2f.o)
    0x080005ba   0x080005ba   0x0000001e   Code   RO         6693    .text               mc_w.l(llshl.o)
    0x080005d8   0x080005d8   0x00000020   Code   RO         6695    .text               mc_w.l(llushr.o)
    0x080005f8   0x080005f8   0x00000024   Code   RO         6697    .text               mc_w.l(llsshr.o)
    0x0800061c   0x0800061c   0x00000000   Code   RO         6706    .text               mc_w.l(iusefp.o)
    0x0800061c   0x0800061c   0x0000006e   Code   RO         6707    .text               mf_w.l(fepilogue.o)
    0x0800068a   0x0800068a   0x000000ba   Code   RO         6709    .text               mf_w.l(depilogue.o)
    0x08000744   0x08000744   0x00000024   Code   RO         6717    .text               mc_w.l(init.o)
    0x08000768   0x08000768   0x0000007e   Code   RO         1677    i.ADC_DMAConvCplt   stm32f4xx_hal_adc.o
    0x080007e6   0x080007e6   0x0000001a   Code   RO         1678    i.ADC_DMAError      stm32f4xx_hal_adc.o
    0x08000800   0x08000800   0x0000000e   Code   RO         1679    i.ADC_DMAHalfConvCplt  stm32f4xx_hal_adc.o
    0x0800080e   0x0800080e   0x00000002   PAD
    0x08000810   0x08000810   0x00000160   Code   RO         1680    i.ADC_Init          stm32f4xx_hal_adc.o
    0x08000970   0x08000970   0x00000004   Code   RO          548    i.BusFault_Handler  stm32f4xx_it.o
    0x08000974   0x08000974   0x00000012   Code   RO         5909    i.CheckRange        wit_c_sdk.o
    0x08000986   0x08000986   0x00000002   PAD
    0x08000988   0x08000988   0x000000f0   Code   RO         5910    i.CopeWitData       wit_c_sdk.o
    0x08000a78   0x08000a78   0x00000010   Code   RO          549    i.DMA2_Stream0_IRQHandler  stm32f4xx_it.o
    0x08000a88   0x08000a88   0x00000034   Code   RO         2459    i.DMA_CalcBaseAndBitshift  stm32f4xx_hal_dma.o
    0x08000abc   0x08000abc   0x000000aa   Code   RO         2460    i.DMA_CheckFifoParam  stm32f4xx_hal_dma.o
    0x08000b66   0x08000b66   0x0000002c   Code   RO         2461    i.DMA_SetConfig     stm32f4xx_hal_dma.o
    0x08000b92   0x08000b92   0x00000002   Code   RO          550    i.DebugMon_Handler  stm32f4xx_it.o
    0x08000b94   0x08000b94   0x0000002a   Code   RO         6284    i.Delayms           wit_imu.o
    0x08000bbe   0x08000bbe   0x0000000c   Code   RO          551    i.EXTI9_5_IRQHandler  stm32f4xx_it.o
    0x08000bca   0x08000bca   0x00000006   Code   RO           13    i.Error_Handler     main.o
    0x08000bd0   0x08000bd0   0x0000018c   Code   RO         1682    i.HAL_ADC_ConfigChannel  stm32f4xx_hal_adc.o
    0x08000d5c   0x08000d5c   0x0000010c   Code   RO         6426    i.HAL_ADC_ConvCpltCallback  pump_charge.o
    0x08000e68   0x08000e68   0x00000002   Code   RO         1684    i.HAL_ADC_ConvHalfCpltCallback  stm32f4xx_hal_adc.o
    0x08000e6a   0x08000e6a   0x00000002   Code   RO         1686    i.HAL_ADC_ErrorCallback  stm32f4xx_hal_adc.o
    0x08000e6c   0x08000e6c   0x00000068   Code   RO         1691    i.HAL_ADC_Init      stm32f4xx_hal_adc.o
    0x08000ed4   0x08000ed4   0x000000c4   Code   RO          315    i.HAL_ADC_MspInit   adc.o
    0x08000f98   0x08000f98   0x000001bc   Code   RO         1698    i.HAL_ADC_Start_DMA  stm32f4xx_hal_adc.o
    0x08001154   0x08001154   0x000000ac   Code   RO         2462    i.HAL_DMA_Abort     stm32f4xx_hal_dma.o
    0x08001200   0x08001200   0x00000028   Code   RO         2463    i.HAL_DMA_Abort_IT  stm32f4xx_hal_dma.o
    0x08001228   0x08001228   0x00000240   Code   RO         2467    i.HAL_DMA_IRQHandler  stm32f4xx_hal_dma.o
    0x08001468   0x08001468   0x000000ec   Code   RO         2468    i.HAL_DMA_Init      stm32f4xx_hal_dma.o
    0x08001554   0x08001554   0x00000092   Code   RO         2472    i.HAL_DMA_Start_IT  stm32f4xx_hal_dma.o
    0x080015e6   0x080015e6   0x00000002   PAD
    0x080015e8   0x080015e8   0x00000028   Code   RO         2904    i.HAL_Delay         stm32f4xx_hal.o
    0x08001610   0x08001610   0x00000040   Code   RO         6386    i.HAL_GPIO_EXTI_Callback  nrf_recv.o
    0x08001650   0x08001650   0x0000001c   Code   RO         2354    i.HAL_GPIO_EXTI_IRQHandler  stm32f4xx_hal_gpio.o
    0x0800166c   0x0800166c   0x000001f4   Code   RO         2355    i.HAL_GPIO_Init     stm32f4xx_hal_gpio.o
    0x08001860   0x08001860   0x00000010   Code   RO         2357    i.HAL_GPIO_ReadPin  stm32f4xx_hal_gpio.o
    0x08001870   0x08001870   0x0000000c   Code   RO         2359    i.HAL_GPIO_WritePin  stm32f4xx_hal_gpio.o
    0x0800187c   0x0800187c   0x0000000c   Code   RO         2910    i.HAL_GetTick       stm32f4xx_hal.o
    0x08001888   0x08001888   0x00000018   Code   RO         2916    i.HAL_IncTick       stm32f4xx_hal.o
    0x080018a0   0x080018a0   0x0000003c   Code   RO         2917    i.HAL_Init          stm32f4xx_hal.o
    0x080018dc   0x080018dc   0x000000b4   Code   RO          654    i.HAL_InitTick      stm32f4xx_hal_timebase_tim.o
    0x08001990   0x08001990   0x00000054   Code   RO          630    i.HAL_MspInit       stm32f4xx_hal_msp.o
    0x080019e4   0x080019e4   0x00000028   Code   RO         2747    i.HAL_NVIC_EnableIRQ  stm32f4xx_hal_cortex.o
    0x08001a0c   0x08001a0c   0x0000007c   Code   RO         2753    i.HAL_NVIC_SetPriority  stm32f4xx_hal_cortex.o
    0x08001a88   0x08001a88   0x00000028   Code   RO         2754    i.HAL_NVIC_SetPriorityGrouping  stm32f4xx_hal_cortex.o
    0x08001ab0   0x08001ab0   0x00000184   Code   RO         1956    i.HAL_RCC_ClockConfig  stm32f4xx_hal_rcc.o
    0x08001c34   0x08001c34   0x00000044   Code   RO         1960    i.HAL_RCC_GetClockConfig  stm32f4xx_hal_rcc.o
    0x08001c78   0x08001c78   0x0000000c   Code   RO         1961    i.HAL_RCC_GetHCLKFreq  stm32f4xx_hal_rcc.o
    0x08001c84   0x08001c84   0x00000020   Code   RO         1963    i.HAL_RCC_GetPCLK1Freq  stm32f4xx_hal_rcc.o
    0x08001ca4   0x08001ca4   0x00000020   Code   RO         1964    i.HAL_RCC_GetPCLK2Freq  stm32f4xx_hal_rcc.o
    0x08001cc4   0x08001cc4   0x000000b0   Code   RO         1965    i.HAL_RCC_GetSysClockFreq  stm32f4xx_hal_rcc.o
    0x08001d74   0x08001d74   0x0000049c   Code   RO         1968    i.HAL_RCC_OscConfig  stm32f4xx_hal_rcc.o
    0x08002210   0x08002210   0x000000c8   Code   RO         3166    i.HAL_SPI_Init      stm32f4xx_hal_spi.o
    0x080022d8   0x080022d8   0x00000088   Code   RO          381    i.HAL_SPI_MspInit   spi.o
    0x08002360   0x08002360   0x00000248   Code   RO         3175    i.HAL_SPI_TransmitReceive  stm32f4xx_hal_spi.o
    0x080025a8   0x080025a8   0x00000002   Code   RO         1410    i.HAL_TIMEx_BreakCallback  stm32f4xx_hal_tim_ex.o
    0x080025aa   0x080025aa   0x00000002   Code   RO         1411    i.HAL_TIMEx_CommutCallback  stm32f4xx_hal_tim_ex.o
    0x080025ac   0x080025ac   0x00000074   Code   RO         1413    i.HAL_TIMEx_ConfigBreakDeadTime  stm32f4xx_hal_tim_ex.o
    0x08002620   0x08002620   0x000000b4   Code   RO         1429    i.HAL_TIMEx_MasterConfigSynchronization  stm32f4xx_hal_tim_ex.o
    0x080026d4   0x080026d4   0x00000066   Code   RO          695    i.HAL_TIM_Base_Init  stm32f4xx_hal_tim.o
    0x0800273a   0x0800273a   0x00000002   PAD
    0x0800273c   0x0800273c   0x00000048   Code   RO          423    i.HAL_TIM_Base_MspInit  tim.o
    0x08002784   0x08002784   0x0000009c   Code   RO          698    i.HAL_TIM_Base_Start  stm32f4xx_hal_tim.o
    0x08002820   0x08002820   0x000000a8   Code   RO          700    i.HAL_TIM_Base_Start_IT  stm32f4xx_hal_tim.o
    0x080028c8   0x080028c8   0x0000010c   Code   RO          704    i.HAL_TIM_ConfigClockSource  stm32f4xx_hal_tim.o
    0x080029d4   0x080029d4   0x00000002   Code   RO          729    i.HAL_TIM_IC_CaptureCallback  stm32f4xx_hal_tim.o
    0x080029d6   0x080029d6   0x0000016c   Code   RO          743    i.HAL_TIM_IRQHandler  stm32f4xx_hal_tim.o
    0x08002b42   0x08002b42   0x00000002   PAD
    0x08002b44   0x08002b44   0x00000134   Code   RO          424    i.HAL_TIM_MspPostInit  tim.o
    0x08002c78   0x08002c78   0x00000002   Code   RO          746    i.HAL_TIM_OC_DelayElapsedCallback  stm32f4xx_hal_tim.o
    0x08002c7a   0x08002c7a   0x00000104   Code   RO          767    i.HAL_TIM_PWM_ConfigChannel  stm32f4xx_hal_tim.o
    0x08002d7e   0x08002d7e   0x00000066   Code   RO          770    i.HAL_TIM_PWM_Init  stm32f4xx_hal_tim.o
    0x08002de4   0x08002de4   0x00000094   Code   RO          426    i.HAL_TIM_PWM_MspInit  tim.o
    0x08002e78   0x08002e78   0x00000002   Code   RO          773    i.HAL_TIM_PWM_PulseFinishedCallback  stm32f4xx_hal_tim.o
    0x08002e7a   0x08002e7a   0x00000002   PAD
    0x08002e7c   0x08002e7c   0x0000010c   Code   RO          775    i.HAL_TIM_PWM_Start  stm32f4xx_hal_tim.o
    0x08002f88   0x08002f88   0x00000018   Code   RO           14    i.HAL_TIM_PeriodElapsedCallback  main.o
    0x08002fa0   0x08002fa0   0x00000002   Code   RO          786    i.HAL_TIM_TriggerCallback  stm32f4xx_hal_tim.o
    0x08002fa2   0x08002fa2   0x00000002   Code   RO         3489    i.HAL_UARTEx_RxEventCallback  stm32f4xx_hal_uart.o
    0x08002fa4   0x08002fa4   0x00000002   Code   RO         3503    i.HAL_UART_ErrorCallback  stm32f4xx_hal_uart.o
    0x08002fa6   0x08002fa6   0x00000002   PAD
    0x08002fa8   0x08002fa8   0x00000308   Code   RO         3506    i.HAL_UART_IRQHandler  stm32f4xx_hal_uart.o
    0x080032b0   0x080032b0   0x00000076   Code   RO         3507    i.HAL_UART_Init     stm32f4xx_hal_uart.o
    0x08003326   0x08003326   0x00000002   PAD
    0x08003328   0x08003328   0x0000010c   Code   RO          501    i.HAL_UART_MspInit  usart.o
    0x08003434   0x08003434   0x0000002c   Code   RO         3512    i.HAL_UART_Receive_IT  stm32f4xx_hal_uart.o
    0x08003460   0x08003460   0x0000002c   Code   RO         6095    i.HAL_UART_RxCpltCallback  wit_uart.o
    0x0800348c   0x0800348c   0x000000be   Code   RO         3515    i.HAL_UART_Transmit  stm32f4xx_hal_uart.o
    0x0800354a   0x0800354a   0x00000002   Code   RO         3518    i.HAL_UART_TxCpltCallback  stm32f4xx_hal_uart.o
    0x0800354c   0x0800354c   0x00000004   Code   RO          552    i.HardFault_Handler  stm32f4xx_it.o
    0x08003550   0x08003550   0x0000006c   Code   RO          316    i.MX_ADC1_Init      adc.o
    0x080035bc   0x080035bc   0x00000038   Code   RO          356    i.MX_DMA_Init       dma.o
    0x080035f4   0x080035f4   0x000000d4   Code   RO          252    i.MX_FREERTOS_Init  freertos.o
    0x080036c8   0x080036c8   0x00000188   Code   RO          228    i.MX_GPIO_Init      gpio.o
    0x08003850   0x08003850   0x00000044   Code   RO          382    i.MX_SPI2_Init      spi.o
    0x08003894   0x08003894   0x000000e0   Code   RO          427    i.MX_TIM1_Init      tim.o
    0x08003974   0x08003974   0x000000ac   Code   RO          428    i.MX_TIM3_Init      tim.o
    0x08003a20   0x08003a20   0x000000ac   Code   RO          429    i.MX_TIM4_Init      tim.o
    0x08003acc   0x08003acc   0x00000070   Code   RO          430    i.MX_TIM8_Init      tim.o
    0x08003b3c   0x08003b3c   0x00000038   Code   RO          502    i.MX_USART1_UART_Init  usart.o
    0x08003b74   0x08003b74   0x00000038   Code   RO          503    i.MX_USART2_UART_Init  usart.o
    0x08003bac   0x08003bac   0x00000004   Code   RO          553    i.MemManage_Handler  stm32f4xx_it.o
    0x08003bb0   0x08003bb0   0x00000004   Code   RO          554    i.NMI_Handler       stm32f4xx_it.o
    0x08003bb4   0x08003bb4   0x00000088   Code   RO         3204    i.SPI_EndRxTxTransaction  stm32f4xx_hal_spi.o
    0x08003c3c   0x08003c3c   0x000000d8   Code   RO         3209    i.SPI_WaitFlagStateUntilTimeout  stm32f4xx_hal_spi.o
    0x08003d14   0x08003d14   0x00000270   Code   RO         6285    i.SensorDataUpdata  wit_imu.o
    0x08003f84   0x08003f84   0x0000001c   Code   RO         6286    i.SensorUartSend    wit_imu.o
    0x08003fa0   0x08003fa0   0x0000000a   Code   RO          253    i.StartDefaultTask  freertos.o
    0x08003faa   0x08003faa   0x00000016   Code   RO         5028    i.SysTick_Handler   cmsis_os2.o
    0x08003fc0   0x08003fc0   0x000000b8   Code   RO           15    i.SystemClock_Config  main.o
    0x08004078   0x08004078   0x00000014   Code   RO         3851    i.SystemInit        system_stm32f4xx.o
    0x0800408c   0x0800408c   0x00000018   Code   RO          555    i.TIM8_TRG_COM_TIM14_IRQHandler  stm32f4xx_it.o
    0x080040a4   0x080040a4   0x000000e0   Code   RO          788    i.TIM_Base_SetConfig  stm32f4xx_hal_tim.o
    0x08004184   0x08004184   0x00000022   Code   RO          789    i.TIM_CCxChannelCmd  stm32f4xx_hal_tim.o
    0x080041a6   0x080041a6   0x00000016   Code   RO          799    i.TIM_ETR_SetConfig  stm32f4xx_hal_tim.o
    0x080041bc   0x080041bc   0x00000012   Code   RO          800    i.TIM_ITRx_SetConfig  stm32f4xx_hal_tim.o
    0x080041ce   0x080041ce   0x00000002   PAD
    0x080041d0   0x080041d0   0x00000070   Code   RO          801    i.TIM_OC1_SetConfig  stm32f4xx_hal_tim.o
    0x08004240   0x08004240   0x0000007c   Code   RO          802    i.TIM_OC2_SetConfig  stm32f4xx_hal_tim.o
    0x080042bc   0x080042bc   0x00000078   Code   RO          803    i.TIM_OC3_SetConfig  stm32f4xx_hal_tim.o
    0x08004334   0x08004334   0x00000054   Code   RO          804    i.TIM_OC4_SetConfig  stm32f4xx_hal_tim.o
    0x08004388   0x08004388   0x00000026   Code   RO          806    i.TIM_TI1_ConfigInputStage  stm32f4xx_hal_tim.o
    0x080043ae   0x080043ae   0x00000028   Code   RO          808    i.TIM_TI2_ConfigInputStage  stm32f4xx_hal_tim.o
    0x080043d6   0x080043d6   0x00000012   Code   RO         3520    i.UART_DMAAbortOnError  stm32f4xx_hal_uart.o
    0x080043e8   0x080043e8   0x0000006c   Code   RO         3530    i.UART_EndRxTransfer  stm32f4xx_hal_uart.o
    0x08004454   0x08004454   0x00000020   Code   RO         3531    i.UART_EndTransmit_IT  stm32f4xx_hal_uart.o
    0x08004474   0x08004474   0x000000fc   Code   RO         3533    i.UART_Receive_IT   stm32f4xx_hal_uart.o
    0x08004570   0x08004570   0x0000022c   Code   RO         3534    i.UART_SetConfig    stm32f4xx_hal_uart.o
    0x0800479c   0x0800479c   0x00000040   Code   RO         3536    i.UART_Start_Receive_IT  stm32f4xx_hal_uart.o
    0x080047dc   0x080047dc   0x00000060   Code   RO         3537    i.UART_Transmit_IT  stm32f4xx_hal_uart.o
    0x0800483c   0x0800483c   0x0000008c   Code   RO         3538    i.UART_WaitOnFlagUntilTimeout  stm32f4xx_hal_uart.o
    0x080048c8   0x080048c8   0x00000010   Code   RO          556    i.USART2_IRQHandler  stm32f4xx_it.o
    0x080048d8   0x080048d8   0x00000004   Code   RO          557    i.UsageFault_Handler  stm32f4xx_it.o
    0x080048dc   0x080048dc   0x00000018   Code   RO         5915    i.WitDelayMsRegister  wit_c_sdk.o
    0x080048f4   0x080048f4   0x0000002c   Code   RO         5917    i.WitInit           wit_c_sdk.o
    0x08004920   0x08004920   0x00000018   Code   RO         5919    i.WitRegisterCallBack  wit_c_sdk.o
    0x08004938   0x08004938   0x000001ec   Code   RO         5921    i.WitSerialDataIn   wit_c_sdk.o
    0x08004b24   0x08004b24   0x00000018   Code   RO         5922    i.WitSerialWriteRegister  wit_c_sdk.o
    0x08004b3c   0x08004b3c   0x0000006c   Code   RO         5925    i.WitSetContent     wit_c_sdk.o
    0x08004ba8   0x08004ba8   0x00000068   Code   RO         5927    i.WitSetOutputRate  wit_c_sdk.o
    0x08004c10   0x08004c10   0x00000150   Code   RO         5933    i.WitWriteReg       wit_c_sdk.o
    0x08004d60   0x08004d60   0x00000026   Code   RO         6655    i.__ARM_fpclassifyf  m_wm.l(fpclassifyf.o)
    0x08004d86   0x08004d86   0x00000002   PAD
    0x08004d88   0x08004d88   0x00000038   Code   RO         5934    i.__CRC16           wit_c_sdk.o
    0x08004dc0   0x08004dc0   0x0000001a   Code   RO         5935    i.__CaliSum         wit_c_sdk.o
    0x08004dda   0x08004dda   0x00000002   PAD
    0x08004ddc   0x08004ddc   0x00000010   Code   RO         2760    i.__NVIC_GetPriorityGrouping  stm32f4xx_hal_cortex.o
    0x08004dec   0x08004dec   0x00000028   Code   RO         2761    i.__NVIC_SetPriority  stm32f4xx_hal_cortex.o
    0x08004e14   0x08004e14   0x00000006   Code   RO         5030    i.__get_IPSR        cmsis_os2.o
    0x08004e1a   0x08004e1a   0x00000002   PAD
    0x08004e1c   0x08004e1c   0x00000250   Code   RO         6558    i.__hardfp_atan2f   m_wm.l(atan2f.o)
    0x0800506c   0x0800506c   0x00000150   Code   RO         6570    i.__hardfp_cosf     m_wm.l(cosf.o)
    0x080051bc   0x080051bc   0x00000190   Code   RO         6582    i.__hardfp_sinf     m_wm.l(sinf.o)
    0x0800534c   0x0800534c   0x0000003a   Code   RO         6594    i.__hardfp_sqrtf    m_wm.l(sqrtf.o)
    0x08005386   0x08005386   0x00000006   Code   RO         6658    i.__mathlib_flt_infnan  m_wm.l(funder.o)
    0x0800538c   0x0800538c   0x00000006   Code   RO         6659    i.__mathlib_flt_infnan2  m_wm.l(funder.o)
    0x08005392   0x08005392   0x00000002   PAD
    0x08005394   0x08005394   0x00000010   Code   RO         6660    i.__mathlib_flt_invalid  m_wm.l(funder.o)
    0x080053a4   0x080053a4   0x00000010   Code   RO         6663    i.__mathlib_flt_underflow  m_wm.l(funder.o)
    0x080053b4   0x080053b4   0x00000154   Code   RO         6671    i.__mathlib_rredf2  m_wm.l(rredf.o)
    0x08005508   0x08005508   0x0000000e   Code   RO         6723    i.__scatterload_copy  mc_w.l(handlers.o)
    0x08005516   0x08005516   0x00000002   Code   RO         6724    i.__scatterload_null  mc_w.l(handlers.o)
    0x08005518   0x08005518   0x0000000e   Code   RO         6725    i.__scatterload_zeroinit  mc_w.l(handlers.o)
    0x08005526   0x08005526   0x00000002   PAD
    0x08005528   0x08005528   0x0000000c   Code   RO         6701    i.__set_errno       mc_w.l(errno.o)
    0x08005534   0x08005534   0x00000090   Code   RO         6287    i.body_to_world     wit_imu.o
    0x080055c4   0x080055c4   0x00000044   Code   RO         6139    i.buf_read          nrf24l01.o
    0x08005608   0x08005608   0x00000044   Code   RO         6140    i.buf_write         nrf24l01.o
    0x0800564c   0x0800564c   0x00000198   Code   RO         6288    i.calc_robot_velocity  wit_imu.o
    0x080057e4   0x080057e4   0x00000260   Code   RO         6427    i.charge_task       pump_charge.o
    0x08005a44   0x08005a44   0x00000090   Code   RO         6503    i.choose_feet       servo_move.o
    0x08005ad4   0x08005ad4   0x0000002a   Code   RO         6428    i.clampf            pump_charge.o
    0x08005afe   0x08005afe   0x0000006a   Code   RO         6289    i.cross             wit_imu.o
    0x08005b68   0x08005b68   0x00000030   Code   RO         5804    i.delay_us          delay_us.o
    0x08005b98   0x08005b98   0x000000b0   Code   RO         6290    i.dir_classify      wit_imu.o
    0x08005c48   0x08005c48   0x0000000e   Code   RO         6291    i.dot2              wit_imu.o
    0x08005c56   0x08005c56   0x00000002   PAD
    0x08005c58   0x08005c58   0x00000028   Code   RO         5805    i.dwt_init          delay_us.o
    0x08005c80   0x08005c80   0x000000b4   Code   RO         6292    i.feet_angle        wit_imu.o
    0x08005d34   0x08005d34   0x0000009c   Code   RO         6504    i.feet_move         servo_move.o
    0x08005dd0   0x08005dd0   0x0000021c   Code   RO         6293    i.imu_task          wit_imu.o
    0x08005fec   0x08005fec   0x00000054   Code   RO           16    i.main              main.o
    0x08006040   0x08006040   0x00000048   Code   RO         6294    i.move_dir_to_world  wit_imu.o
    0x08006088   0x08006088   0x00000058   Code   RO         6505    i.move_task         servo_move.o
    0x080060e0   0x080060e0   0x00000060   Code   RO         6141    i.nrf24_check       nrf24l01.o
    0x08006140   0x08006140   0x0000000c   Code   RO         6142    i.nrf24_clear_irqs  nrf24l01.o
    0x0800614c   0x0800614c   0x00000024   Code   RO         6146    i.nrf24_flush_tx    nrf24l01.o
    0x08006170   0x08006170   0x0000007c   Code   RO         6147    i.nrf24_init        nrf24l01.o
    0x080061ec   0x080061ec   0x00000038   Code   RO         6148    i.nrf24_read_rxpayload  nrf24l01.o
    0x08006224   0x08006224   0x0000000a   Code   RO         6149    i.nrf24_read_status  nrf24l01.o
    0x0800622e   0x0800622e   0x00000040   Code   RO         6150    i.nrf24_receive32   nrf24l01.o
    0x0800626e   0x0800626e   0x00000002   PAD
    0x08006270   0x08006270   0x00000034   Code   RO         6151    i.nrf24_rxmode      nrf24l01.o
    0x080062a4   0x080062a4   0x00000084   Code   RO         6152    i.nrf24_send32      nrf24l01.o
    0x08006328   0x08006328   0x00000038   Code   RO         6153    i.nrf24_txmode      nrf24l01.o
    0x08006360   0x08006360   0x00000038   Code   RO         6154    i.nrf24_write_txpayload  nrf24l01.o
    0x08006398   0x08006398   0x00000198   Code   RO         6387    i.nrf_recvtask      nrf_recv.o
    0x08006530   0x08006530   0x0000007c   Code   RO         6478    i.nrf_sendtask      nrf_send.o
    0x080065ac   0x080065ac   0x0000002a   Code   RO         5693    i.oled_clear        oled.o
    0x080065d6   0x080065d6   0x000000aa   Code   RO         5694    i.oled_init         oled.o
    0x08006680   0x08006680   0x0000001c   Code   RO         5696    i.oled_scl_wr       oled.o
    0x0800669c   0x0800669c   0x00000014   Code   RO         5697    i.oled_sda_rd       oled.o
    0x080066b0   0x080066b0   0x00000018   Code   RO         5698    i.oled_sda_wr       oled.o
    0x080066c8   0x080066c8   0x00000022   Code   RO         5699    i.oled_set_cursor   oled.o
    0x080066ea   0x080066ea   0x00000002   PAD
    0x080066ec   0x080066ec   0x00000040   Code   RO         5706    i.oled_write_command  oled.o
    0x0800672c   0x0800672c   0x00000040   Code   RO         5707    i.oled_write_data   oled.o
    0x0800676c   0x0800676c   0x0000001e   Code   RO         5031    i.osDelay           cmsis_os2.o
    0x0800678a   0x0800678a   0x00000002   PAD
    0x0800678c   0x0800678c   0x0000002c   Code   RO         5045    i.osKernelInitialize  cmsis_os2.o
    0x080067b8   0x080067b8   0x00000060   Code   RO         5048    i.osKernelStart     cmsis_os2.o
    0x08006818   0x08006818   0x000000b8   Code   RO         5090    i.osThreadNew       cmsis_os2.o
    0x080068d0   0x080068d0   0x0000007c   Code   RO         4468    i.prvAddCurrentTaskToDelayedList  tasks.o
    0x0800694c   0x0800694c   0x000000b8   Code   RO         4469    i.prvAddNewTaskToReadyList  tasks.o
    0x08006a04   0x08006a04   0x00000074   Code   RO         4844    i.prvCheckForValidListAndQueue  timers.o
    0x08006a78   0x08006a78   0x00000048   Code   RO         4470    i.prvCheckTasksWaitingTermination  tasks.o
    0x08006ac0   0x08006ac0   0x0000002a   Code   RO         4055    i.prvCopyDataFromQueue  queue.o
    0x08006aea   0x08006aea   0x0000007e   Code   RO         4056    i.prvCopyDataToQueue  queue.o
    0x08006b68   0x08006b68   0x00000050   Code   RO         4471    i.prvDeleteTCB      tasks.o
    0x08006bb8   0x08006bb8   0x00000028   Code   RO         4845    i.prvGetNextExpireTime  timers.o
    0x08006be0   0x08006be0   0x0000007c   Code   RO         5558    i.prvHeapInit       heap_4.o
    0x08006c5c   0x08006c5c   0x00000028   Code   RO         4472    i.prvIdleTask       tasks.o
    0x08006c84   0x08006c84   0x0000002a   Code   RO         4059    i.prvInitialiseNewQueue  queue.o
    0x08006cae   0x08006cae   0x000000be   Code   RO         4473    i.prvInitialiseNewTask  tasks.o
    0x08006d6c   0x08006d6c   0x00000068   Code   RO         4474    i.prvInitialiseTaskLists  tasks.o
    0x08006dd4   0x08006dd4   0x00000068   Code   RO         5559    i.prvInsertBlockIntoFreeList  heap_4.o
    0x08006e3c   0x08006e3c   0x00000058   Code   RO         4847    i.prvInsertTimerInActiveList  timers.o
    0x08006e94   0x08006e94   0x0000001a   Code   RO         4060    i.prvIsQueueEmpty   queue.o
    0x08006eae   0x08006eae   0x0000001e   Code   RO         4061    i.prvIsQueueFull    queue.o
    0x08006ecc   0x08006ecc   0x00000074   Code   RO         4848    i.prvProcessExpiredTimer  timers.o
    0x08006f40   0x08006f40   0x00000164   Code   RO         4849    i.prvProcessReceivedCommands  timers.o
    0x080070a4   0x080070a4   0x00000074   Code   RO         4850    i.prvProcessTimerOrBlockTask  timers.o
    0x08007118   0x08007118   0x00000034   Code   RO         4476    i.prvResetNextTaskUnblockTime  tasks.o
    0x0800714c   0x0800714c   0x0000002c   Code   RO         4851    i.prvSampleTimeNow  timers.o
    0x08007178   0x08007178   0x000000a4   Code   RO         4852    i.prvSwitchTimerLists  timers.o
    0x0800721c   0x0800721c   0x00000040   Code   RO         5614    i.prvTaskExitError  port.o
    0x0800725c   0x0800725c   0x0000001a   Code   RO         4853    i.prvTimerTask      timers.o
    0x08007276   0x08007276   0x0000007e   Code   RO         4062    i.prvUnlockQueue    queue.o
    0x080072f4   0x080072f4   0x00000014   Code   RO         6429    i.pump_off          pump_charge.o
    0x08007308   0x08007308   0x00000014   Code   RO         6430    i.pump_on           pump_charge.o
    0x0800731c   0x0800731c   0x0000014c   Code   RO         5560    i.pvPortMalloc      heap_4.o
    0x08007468   0x08007468   0x0000002c   Code   RO         5615    i.pxPortInitialiseStack  port.o
    0x08007494   0x08007494   0x000000e2   Code   RO         6295    i.quat_to_Rwb       wit_imu.o
    0x08007576   0x08007576   0x00000002   PAD
    0x08007578   0x08007578   0x00000034   Code   RO         6157    i.reg_read          nrf24l01.o
    0x080075ac   0x080075ac   0x00000034   Code   RO         6158    i.reg_write         nrf24l01.o
    0x080075e0   0x080075e0   0x0000003a   Code   RO         6296    i.scale             wit_imu.o
    0x0800761a   0x0800761a   0x00000002   PAD
    0x0800761c   0x0800761c   0x0000004c   Code   RO         6506    i.servo_init_all    servo_move.o
    0x08007668   0x08007668   0x000000a0   Code   RO         6507    i.servo_move_slow   servo_move.o
    0x08007708   0x08007708   0x00000040   Code   RO         6508    i.servo_set_pulse   servo_move.o
    0x08007748   0x08007748   0x00000020   Code   RO         6159    i.spi_xfer          nrf24l01.o
    0x08007768   0x08007768   0x00000022   Code   RO         5831    i.sw_i2c_recv_ack   sw_i2c.o
    0x0800778a   0x0800778a   0x0000002c   Code   RO         5834    i.sw_i2c_send_byte  sw_i2c.o
    0x080077b6   0x080077b6   0x0000001e   Code   RO         5835    i.sw_i2c_start      sw_i2c.o
    0x080077d4   0x080077d4   0x00000018   Code   RO         5836    i.sw_i2c_stop       sw_i2c.o
    0x080077ec   0x080077ec   0x00000074   Code   RO         4480    i.ulTaskNotifyTake  tasks.o
    0x08007860   0x08007860   0x00000028   Code   RO         4015    i.uxListRemove      list.o
    0x08007888   0x08007888   0x00000018   Code   RO         5102    i.vApplicationGetIdleTaskMemory  cmsis_os2.o
    0x080078a0   0x080078a0   0x00000018   Code   RO         5103    i.vApplicationGetTimerTaskMemory  cmsis_os2.o
    0x080078b8   0x080078b8   0x0000001a   Code   RO         4016    i.vListInitialise   list.o
    0x080078d2   0x080078d2   0x00000006   Code   RO         4017    i.vListInitialiseItem  list.o
    0x080078d8   0x080078d8   0x00000034   Code   RO         4018    i.vListInsert       list.o
    0x0800790c   0x0800790c   0x00000018   Code   RO         4019    i.vListInsertEnd    list.o
    0x08007924   0x08007924   0x00000054   Code   RO         5617    i.vPortEnterCritical  port.o
    0x08007978   0x08007978   0x0000003c   Code   RO         5618    i.vPortExitCritical  port.o
    0x080079b4   0x080079b4   0x000000a4   Code   RO         5561    i.vPortFree         heap_4.o
    0x08007a58   0x08007a58   0x00000028   Code   RO         5619    i.vPortSetupTimerInterrupt  port.o
    0x08007a80   0x08007a80   0x00000078   Code   RO         5620    i.vPortValidateInterruptPriority  port.o
    0x08007af8   0x08007af8   0x0000002c   Code   RO         4068    i.vQueueAddToRegistry  queue.o
    0x08007b24   0x08007b24   0x0000004a   Code   RO         4072    i.vQueueWaitForMessageRestricted  queue.o
    0x08007b6e   0x08007b6e   0x00000002   PAD
    0x08007b70   0x08007b70   0x0000005c   Code   RO         4489    i.vTaskDelay        tasks.o
    0x08007bcc   0x08007bcc   0x000000d4   Code   RO         4490    i.vTaskDelayUntil   tasks.o
    0x08007ca0   0x08007ca0   0x00000018   Code   RO         4494    i.vTaskInternalSetTimeOutState  tasks.o
    0x08007cb8   0x08007cb8   0x0000000c   Code   RO         4495    i.vTaskMissedYield  tasks.o
    0x08007cc4   0x08007cc4   0x000000ec   Code   RO         4496    i.vTaskNotifyGiveFromISR  tasks.o
    0x08007db0   0x08007db0   0x00000038   Code   RO         4497    i.vTaskPlaceOnEventList  tasks.o
    0x08007de8   0x08007de8   0x00000040   Code   RO         4498    i.vTaskPlaceOnEventListRestricted  tasks.o
    0x08007e28   0x08007e28   0x000000b8   Code   RO         4506    i.vTaskStartScheduler  tasks.o
    0x08007ee0   0x08007ee0   0x00000010   Code   RO         4508    i.vTaskSuspendAll   tasks.o
    0x08007ef0   0x08007ef0   0x00000090   Code   RO         4509    i.vTaskSwitchContext  tasks.o
    0x08007f80   0x08007f80   0x00000018   Code   RO         6096    i.wit_uart_init     wit_uart.o
    0x08007f98   0x08007f98   0x00000090   Code   RO         6297    i.world_to_body     wit_imu.o
    0x08008028   0x08008028   0x00000168   Code   RO         5621    i.xPortStartScheduler  port.o
    0x08008190   0x08008190   0x00000034   Code   RO         5622    i.xPortSysTickHandler  port.o
    0x080081c4   0x080081c4   0x0000005a   Code   RO         4077    i.xQueueGenericCreate  queue.o
    0x0800821e   0x0800821e   0x000000e0   Code   RO         4078    i.xQueueGenericCreateStatic  queue.o
    0x080082fe   0x080082fe   0x00000002   PAD
    0x08008300   0x08008300   0x00000098   Code   RO         4079    i.xQueueGenericReset  queue.o
    0x08008398   0x08008398   0x000001a8   Code   RO         4080    i.xQueueGenericSend  queue.o
    0x08008540   0x08008540   0x000000fc   Code   RO         4081    i.xQueueGenericSendFromISR  queue.o
    0x0800863c   0x0800863c   0x00000170   Code   RO         4088    i.xQueuePeek        queue.o
    0x080087ac   0x080087ac   0x00000168   Code   RO         4090    i.xQueueReceive     queue.o
    0x08008914   0x08008914   0x0000008c   Code   RO         4511    i.xTaskCheckForTimeOut  tasks.o
    0x080089a0   0x080089a0   0x00000064   Code   RO         4512    i.xTaskCreate       tasks.o
    0x08008a04   0x08008a04   0x000000ba   Code   RO         4513    i.xTaskCreateStatic  tasks.o
    0x08008abe   0x08008abe   0x00000002   PAD
    0x08008ac0   0x08008ac0   0x0000000c   Code   RO         4516    i.xTaskGetCurrentTaskHandle  tasks.o
    0x08008acc   0x08008acc   0x00000020   Code   RO         4517    i.xTaskGetSchedulerState  tasks.o
    0x08008aec   0x08008aec   0x0000000c   Code   RO         4518    i.xTaskGetTickCount  tasks.o
    0x08008af8   0x08008af8   0x00000014   Code   RO         4519    i.xTaskGetTickCountFromISR  tasks.o
    0x08008b0c   0x08008b0c   0x00000144   Code   RO         4520    i.xTaskIncrementTick  tasks.o
    0x08008c50   0x08008c50   0x000000a4   Code   RO         4523    i.xTaskPriorityDisinherit  tasks.o
    0x08008cf4   0x08008cf4   0x00000098   Code   RO         4525    i.xTaskRemoveFromEventList  tasks.o
    0x08008d8c   0x08008d8c   0x00000104   Code   RO         4526    i.xTaskResumeAll    tasks.o
    0x08008e90   0x08008e90   0x00000078   Code   RO         4862    i.xTimerCreateTimerTask  timers.o
    0x08008f08   0x08008f08   0x00000084   Code   RO         4863    i.xTimerGenericCommand  timers.o
    0x08008f8c   0x08008f8c   0x00000024   Data   RO          254    .constdata          freertos.o
    0x08008fb0   0x08008fb0   0x00000008   Data   RO         2474    .constdata          stm32f4xx_hal_dma.o
    0x08008fb8   0x08008fb8   0x00000018   Data   RO         3852    .constdata          system_stm32f4xx.o
    0x08008fd0   0x08008fd0   0x00000200   Data   RO         5937    .constdata          wit_c_sdk.o
    0x080091d0   0x080091d0   0x0000000a   Data   RO         6161    .constdata          nrf24l01.o
    0x080091da   0x080091da   0x00000002   PAD
    0x080091dc   0x080091dc   0x000001ec   Data   RO         6298    .constdata          wit_imu.o
    0x080093c8   0x080093c8   0x000000a8   Data   RO         6510    .constdata          servo_move.o
    0x08009470   0x08009470   0x00000020   Data   RO         6672    .constdata          m_wm.l(rredf.o)
    0x08009490   0x08009490   0x0000000c   Data   RO          255    .conststring        freertos.o
    0x0800949c   0x0800949c   0x00000020   Data   RO         6721    Region$$Table       anon$$obj.o


    Execution Region RW_IRAM1 (Exec base: 0x20000000, Load base: 0x080094bc, Size: 0x00005358, Max: 0x0001c000, ABSOLUTE)

    Exec Addr    Load Addr    Size         Type   Attr      Idx    E Section Name        Object

    0x20000000   0x080094bc   0x00000004   Data   RW          256    .data               freertos.o
    0x20000004   0x080094c0   0x00000009   Data   RW         2924    .data               stm32f4xx_hal.o
    0x2000000d   0x080094c9   0x00000003   PAD
    0x20000010   0x080094cc   0x00000004   Data   RW         3853    .data               system_stm32f4xx.o
    0x20000014   0x080094d0   0x0000003c   Data   RW         4529    .data               tasks.o
    0x20000050   0x0800950c   0x00000014   Data   RW         4871    .data               timers.o
    0x20000064   0x08009520   0x00000004   Data   RW         5105    .data               cmsis_os2.o
    0x20000068   0x08009524   0x00000020   Data   RW         5567    .data               heap_4.o
    0x20000088   0x08009544   0x0000000c   Data   RW         5623    .data               port.o
    0x20000094   0x08009550   0x0000000c   Data   RW         5709    .data               oled.o
    0x200000a0   0x0800955c   0x00000028   Data   RW         5938    .data               wit_c_sdk.o
    0x200000c8   0x08009584   0x00000001   Data   RW         6097    .data               wit_uart.o
    0x200000c9   0x08009585   0x00000003   PAD
    0x200000cc   0x08009588   0x0000001c   Data   RW         6299    .data               wit_imu.o
    0x200000e8   0x080095a4   0x0000000c   Data   RW         6388    .data               nrf_recv.o
    0x200000f4   0x080095b0   0x00000015   Data   RW         6431    .data               pump_charge.o
    0x20000109   0x080095c5   0x00000003   PAD
    0x2000010c   0x080095c8   0x00000004   Data   RW         6702    .data               mc_w.l(errno.o)
    0x20000110        -       0x000000a8   Zero   RW          317    .bss                adc.o
    0x200001b8        -       0x00000058   Zero   RW          383    .bss                spi.o
    0x20000210        -       0x00000120   Zero   RW          431    .bss                tim.o
    0x20000330        -       0x00000090   Zero   RW          504    .bss                usart.o
    0x200003c0        -       0x00000048   Zero   RW          657    .bss                stm32f4xx_hal_timebase_tim.o
    0x20000408        -       0x00000040   Zero   RW         4094    .bss                queue.o
    0x20000448        -       0x000004c4   Zero   RW         4528    .bss                tasks.o
    0x2000090c        -       0x00000118   Zero   RW         4870    .bss                timers.o
    0x20000a24        -       0x000006b8   Zero   RW         5104    .bss                cmsis_os2.o
    0x200010dc        -       0x00003c00   Zero   RW         5566    .bss                heap_4.o
    0x20004cdc        -       0x00000220   Zero   RW         5936    .bss                wit_c_sdk.o
    0x20004efc        -       0x00000040   Zero   RW         6160    .bss                nrf24l01.o
    0x20004f3c        -       0x00000018   Zero   RW         6509    .bss                servo_move.o
    0x20004f54   0x080095cc   0x00000004   PAD
    0x20004f58        -       0x00000400   Zero   RW            1    STACK               startup_stm32f407xx.o


    Execution Region RW_IRAM2 (Exec base: 0x2001c000, Load base: 0x080095cc, Size: 0x00000000, Max: 0x00004000, ABSOLUTE)

    **** No section assigned to this execution region ****


==============================================================================

Image component sizes


      Code (inc. data)   RO Data    RW Data    ZI Data      Debug   Object Name

       304         28          0          0        168       1959   adc.o
       430         38          0          4       1720      65743   cmsis_os2.o
        88         22          0          0          0       1094   delay_us.o
        56          4          0          0          0        842   dma.o
         0          0          0          0          0      19656   event_groups.o
       222         90         48          4          0       6392   freertos.o
       392         18          0          0          0       1219   gpio.o
       724         74          0         32      15360       5103   heap_4.o
       148          0          0          0          0       3802   list.o
       298         16          0          0          0     729536   main.o
       966         84         10          0         64      11013   nrf24l01.o
       472         34          0         12          0       1833   nrf_recv.o
       124         18          0          0          0        727   nrf_send.o
       446         24          0         12          0       5574   oled.o
      1014         92          0         12          0      12157   port.o
       958        110          0         21          0       5478   pump_charge.o
      2380         26          0          0         64      20599   queue.o
       688         50        168          0         24       6732   servo_move.o
       204         20          0          0         88       1825   spi.o
        36          8        392          0       1024        872   startup_stm32f407xx.o
       136         24          0          9          0       8990   stm32f4xx_hal.o
      1466         66          0          0          0       7242   stm32f4xx_hal_adc.o
       260         22          0          0          0      33794   stm32f4xx_hal_cortex.o
      1436         16          8          0          0       7370   stm32f4xx_hal_dma.o
       556         50          0          0          0       3614   stm32f4xx_hal_gpio.o
        84          6          0          0          0        938   stm32f4xx_hal_msp.o
      1888         94          0          0          0       6589   stm32f4xx_hal_rcc.o
      1136         12          0          0          0       4841   stm32f4xx_hal_spi.o
      2512        172          0          0          0      17599   stm32f4xx_hal_tim.o
       300         30          0          0          0       3541   stm32f4xx_hal_tim_ex.o
       180         20          0          0         72       1584   stm32f4xx_hal_timebase_tim.o
      2400         14          0          0          0      13148   stm32f4xx_hal_uart.o
        90         20          0          0          0       5220   stm32f4xx_it.o
         0          0          0          0          0        400   stream_buffer.o
       132          0          0          0          0       2802   sw_i2c.o
        20          6         24          4          0       1247   system_stm32f4xx.o
      3404        400          0         60       1220      33219   tasks.o
      1208         92          0          0        288       5745   tim.o
      1318        124          0         20        280      31063   timers.o
       380         38          0          0        144       2559   usart.o
      1496        150        512         40        544      11113   wit_c_sdk.o
      2762        138        492         28          0      12140   wit_imu.o
        68         22          0          1          0       1739   wit_uart.o

    ----------------------------------------------------------------------
     33224       2272       1688        268      21064    1118653   Object Totals
         0          0         32          0          0          0   (incl. Generated)
        42          0          2          9          4          0   (incl. Padding)

    ----------------------------------------------------------------------

      Code (inc. data)   RO Data    RW Data    ZI Data      Debug   Library Member Name

       592         90          0          0          0        184   atan2f.o
       336         56          0          0          0        136   cosf.o
        38          0          0          0          0        116   fpclassifyf.o
        44         12          0          0          0        464   funder.o
       340         24         32          0          0        160   rredf.o
       400         56          0          0          0        212   sinf.o
        58          0          0          0          0        136   sqrtf.o
         0          0          0          0          0          0   entry.o
         0          0          0          0          0          0   entry10a.o
         0          0          0          0          0          0   entry11a.o
         8          4          0          0          0          0   entry2.o
         4          0          0          0          0          0   entry5.o
         0          0          0          0          0          0   entry7b.o
         0          0          0          0          0          0   entry8b.o
         8          4          0          0          0          0   entry9a.o
        12          6          0          4          0         68   errno.o
        30          0          0          0          0          0   handlers.o
        36          8          0          0          0         68   init.o
         0          0          0          0          0          0   iusefp.o
        30          0          0          0          0         68   llshl.o
        36          0          0          0          0         68   llsshr.o
        32          0          0          0          0         68   llushr.o
        36          0          0          0          0         68   memcpya.o
        36          0          0          0          0        108   memseta.o
        98          0          0          0          0         92   uldiv.o
        56          0          0          0          0         88   d2f.o
       334          0          0          0          0        148   dadd.o
       186          0          0          0          0        176   depilogue.o
       228          0          0          0          0         96   dmul.o
        38          0          0          0          0         68   f2d.o
       110          0          0          0          0        168   fepilogue.o

    ----------------------------------------------------------------------
      3132        260         32          4          0       2760   Library Totals
         6          0          0          0          0          0   (incl. Padding)

    ----------------------------------------------------------------------

      Code (inc. data)   RO Data    RW Data    ZI Data      Debug   Library Name

      1808        238         32          0          0       1408   m_wm.l
       366         22          0          4          0        608   mc_w.l
       952          0          0          0          0        744   mf_w.l

    ----------------------------------------------------------------------
      3132        260         32          4          0       2760   Library Totals

    ----------------------------------------------------------------------

==============================================================================


      Code (inc. data)   RO Data    RW Data    ZI Data      Debug   

     36356       2532       1720        272      21064    1093545   Grand Totals
     36356       2532       1720        272      21064    1093545   ELF Image Totals
     36356       2532       1720        272          0          0   ROM Totals

==============================================================================

    Total RO  Size (Code + RO Data)                38076 (  37.18kB)
    Total RW  Size (RW Data + ZI Data)             21336 (  20.84kB)
    Total ROM Size (Code + RO Data + RW Data)      38348 (  37.45kB)

==============================================================================

